<?xml version="1.0" encoding="ISO-8859-1" ?>
<link_info>
   <banner>TMS320C2000 Linker PC v22.6.1.LTS</banner>
   <copyright>Copyright (c) 1996-2018 Texas Instruments Incorporated</copyright>
   <link_time>0x68c6f458</link_time>
   <link_errors>0x0</link_errors>
   <output_file>Example_2806xFlashProgramming.out</output_file>
   <entry_point>
      <name>code_start</name>
      <address>0x3f7ff6</address>
   </entry_point>
   <input_file_list>
      <input_file id="fl-4">
         <path>.\</path>
         <kind>object</kind>
         <file>Example_Flash2806x_CsmKeys.obj</file>
         <name>Example_Flash2806x_CsmKeys.obj</name>
      </input_file>
      <input_file id="fl-5">
         <path>.\</path>
         <kind>object</kind>
         <file>F2806x_CSMPasswords.obj</file>
         <name>F2806x_CSMPasswords.obj</name>
      </input_file>
      <input_file id="fl-6">
         <path>.\</path>
         <kind>object</kind>
         <file>F2806x_CodeStartBranch.obj</file>
         <name>F2806x_CodeStartBranch.obj</name>
      </input_file>
      <input_file id="fl-7">
         <path>.\</path>
         <kind>object</kind>
         <file>F2806x_GlobalVariableDefs.obj</file>
         <name>F2806x_GlobalVariableDefs.obj</name>
      </input_file>
      <input_file id="fl-8">
         <path>.\Application\</path>
         <kind>object</kind>
         <file>BEBootMain.obj</file>
         <name>BEBootMain.obj</name>
      </input_file>
      <input_file id="fl-9">
         <path>.\Drivers\</path>
         <kind>object</kind>
         <file>LowLevel.obj</file>
         <name>LowLevel.obj</name>
      </input_file>
      <input_file id="fl-a">
         <path>.\f2806x\MWare\boot_loader\</path>
         <kind>object</kind>
         <file>F2806x_BL_MemCopy.obj</file>
         <name>F2806x_BL_MemCopy.obj</name>
      </input_file>
      <input_file id="fl-b">
         <path>.\f2806x\MWare\boot_loader\</path>
         <kind>object</kind>
         <file>bl_decrypt.obj</file>
         <name>bl_decrypt.obj</name>
      </input_file>
      <input_file id="fl-c">
         <path>.\f2806x\MWare\driverlib\</path>
         <kind>object</kind>
         <file>interrupt.obj</file>
         <name>interrupt.obj</name>
      </input_file>
      <input_file id="fl-d">
         <path>.\f2806x\MWare\driverlib\</path>
         <kind>object</kind>
         <file>sysctl.obj</file>
         <name>sysctl.obj</name>
      </input_file>
      <input_file id="fl-e">
         <path>.\f2806x\MWare\driverlib\</path>
         <kind>object</kind>
         <file>systick.obj</file>
         <name>systick.obj</name>
      </input_file>
      <input_file id="fl-f">
         <path>.\f2806x\MWare\driverlib\</path>
         <kind>object</kind>
         <file>uart.obj</file>
         <name>uart.obj</name>
      </input_file>
      <input_file id="fl-10">
         <path>.\f2806x\MWare\rts2800_bl\</path>
         <kind>object</kind>
         <file>_lock.obj</file>
         <name>_lock.obj</name>
      </input_file>
      <input_file id="fl-11">
         <path>.\f2806x\MWare\rts2800_bl\</path>
         <kind>object</kind>
         <file>args_main.obj</file>
         <name>args_main.obj</name>
      </input_file>
      <input_file id="fl-12">
         <path>.\f2806x\MWare\rts2800_bl\</path>
         <kind>object</kind>
         <file>epilog.obj</file>
         <name>epilog.obj</name>
      </input_file>
      <input_file id="fl-13">
         <path>.\f2806x\MWare\rts2800_bl\</path>
         <kind>object</kind>
         <file>exit.obj</file>
         <name>exit.obj</name>
      </input_file>
      <input_file id="fl-14">
         <path>.\f2806x\MWare\rts2800_bl\</path>
         <kind>object</kind>
         <file>i_div.obj</file>
         <name>i_div.obj</name>
      </input_file>
      <input_file id="fl-15">
         <path>.\f2806x\MWare\rts2800_bl\</path>
         <kind>object</kind>
         <file>prolog.obj</file>
         <name>prolog.obj</name>
      </input_file>
      <input_file id="fl-16">
         <path>.\f2806x\MWare\rts2800_bl\</path>
         <kind>object</kind>
         <file>rand.obj</file>
         <name>rand.obj</name>
      </input_file>
      <input_file id="fl-17">
         <path>.\f2806x\MWare\rts2800_bl\</path>
         <kind>object</kind>
         <file>u_div.obj</file>
         <name>u_div.obj</name>
      </input_file>
      <input_file id="fl-18">
         <path>.\f2806x\MWare\utils\</path>
         <kind>object</kind>
         <file>cmdline.obj</file>
         <name>cmdline.obj</name>
      </input_file>
      <input_file id="fl-19">
         <path>.\f2806x\MWare\utils\</path>
         <kind>object</kind>
         <file>uartstdio.obj</file>
         <name>uartstdio.obj</name>
      </input_file>
      <input_file id="fl-1a">
         <path>.\f2806x\common\source\</path>
         <kind>object</kind>
         <file>F2806x_CpuTimers.obj</file>
         <name>F2806x_CpuTimers.obj</name>
      </input_file>
      <input_file id="fl-1b">
         <path>.\f2806x\common\source\</path>
         <kind>object</kind>
         <file>F2806x_DBGIER.obj</file>
         <name>F2806x_DBGIER.obj</name>
      </input_file>
      <input_file id="fl-1c">
         <path>.\f2806x\common\source\</path>
         <kind>object</kind>
         <file>F2806x_DisInt.obj</file>
         <name>F2806x_DisInt.obj</name>
      </input_file>
      <input_file id="fl-1d">
         <path>.\f2806x\common\source\</path>
         <kind>object</kind>
         <file>F2806x_Dma.obj</file>
         <name>F2806x_Dma.obj</name>
      </input_file>
      <input_file id="fl-1e">
         <path>.\f2806x\common\source\</path>
         <kind>object</kind>
         <file>F2806x_ECan.obj</file>
         <name>F2806x_ECan.obj</name>
      </input_file>
      <input_file id="fl-1f">
         <path>.\f2806x\common\source\</path>
         <kind>object</kind>
         <file>F2806x_Gpio.obj</file>
         <name>F2806x_Gpio.obj</name>
      </input_file>
      <input_file id="fl-20">
         <path>.\f2806x\common\source\</path>
         <kind>object</kind>
         <file>F2806x_OscComp.obj</file>
         <name>F2806x_OscComp.obj</name>
      </input_file>
      <input_file id="fl-21">
         <path>.\f2806x\common\source\</path>
         <kind>object</kind>
         <file>F2806x_PieCtrl.obj</file>
         <name>F2806x_PieCtrl.obj</name>
      </input_file>
      <input_file id="fl-22">
         <path>.\f2806x\common\source\</path>
         <kind>object</kind>
         <file>F2806x_SWPrioritizedDefaultIsr.obj</file>
         <name>F2806x_SWPrioritizedDefaultIsr.obj</name>
      </input_file>
      <input_file id="fl-23">
         <path>.\f2806x\common\source\</path>
         <kind>object</kind>
         <file>F2806x_SWPrioritizedPieVect.obj</file>
         <name>F2806x_SWPrioritizedPieVect.obj</name>
      </input_file>
      <input_file id="fl-24">
         <path>.\f2806x\common\source\</path>
         <kind>object</kind>
         <file>F2806x_Sci.obj</file>
         <name>F2806x_Sci.obj</name>
      </input_file>
      <input_file id="fl-25">
         <path>.\f2806x\common\source\</path>
         <kind>object</kind>
         <file>F2806x_SysCtrl.obj</file>
         <name>F2806x_SysCtrl.obj</name>
      </input_file>
      <input_file id="fl-26">
         <path>.\f2806x\common\source\</path>
         <kind>object</kind>
         <file>F2806x_TempSensorConv.obj</file>
         <name>F2806x_TempSensorConv.obj</name>
      </input_file>
      <input_file id="fl-27">
         <path>.\f2806x\common\source\</path>
         <kind>object</kind>
         <file>F2806x_usDelay.obj</file>
         <name>F2806x_usDelay.obj</name>
      </input_file>
      <input_file id="fl-2c">
         <kind>object</kind>
         <file>&lt;internal&gt;</file>
         <name>&lt;internal&gt;</name>
      </input_file>
      <input_file id="fl-2d">
         <path>C:\ti\ccs1281\ccs\tools\compiler\ti-cgt-c2000_22.6.1.LTS\lib\</path>
         <kind>archive</kind>
         <file>rts2800_ml.lib</file>
         <name>fs_mpy28.asm.obj</name>
      </input_file>
      <input_file id="fl-2e">
         <path>C:\ti\ccs1281\ccs\tools\compiler\ti-cgt-c2000_22.6.1.LTS\lib\</path>
         <kind>archive</kind>
         <file>rts2800_ml.lib</file>
         <name>fs_toul28.asm.obj</name>
      </input_file>
      <input_file id="fl-2f">
         <path>..\</path>
         <kind>archive</kind>
         <file>2806x_BootROM_API_TABLE_Symbols.lib</file>
         <name>TMS320x2806x_boot_rom_out___romApi_Flash2806x_APIVersionHex_tmp.obj</name>
      </input_file>
      <input_file id="fl-30">
         <path>..\</path>
         <kind>archive</kind>
         <file>2806x_BootROM_API_TABLE_Symbols.lib</file>
         <name>TMS320x2806x_boot_rom_out___romApi_Flash2806x_Erase_tmp.obj</name>
      </input_file>
      <input_file id="fl-31">
         <path>..\</path>
         <kind>archive</kind>
         <file>2806x_BootROM_API_TABLE_Symbols.lib</file>
         <name>TMS320x2806x_boot_rom_out___romApi_Flash2806x_Program_tmp.obj</name>
      </input_file>
      <input_file id="fl-32">
         <path>..\</path>
         <kind>archive</kind>
         <file>2806x_BootROM_API_TABLE_Symbols.lib</file>
         <name>TMS320x2806x_boot_rom_out___romApi_Flash2806x_Verify_tmp.obj</name>
      </input_file>
      <input_file id="fl-33">
         <path>C:\ti\ccs1281\ccs\tools\compiler\ti-cgt-c2000_22.6.1.LTS\lib\</path>
         <kind>archive</kind>
         <file>rts2800_ml.lib</file>
         <name>boot28.asm.obj</name>
      </input_file>
      <input_file id="fl-34">
         <path>C:\ti\ccs1281\ccs\tools\compiler\ti-cgt-c2000_22.6.1.LTS\lib\</path>
         <kind>archive</kind>
         <file>rts2800_ml.lib</file>
         <name>startup.c.obj</name>
      </input_file>
      <input_file id="fl-35">
         <path>C:\ti\ccs1281\ccs\tools\compiler\ti-cgt-c2000_22.6.1.LTS\lib\</path>
         <kind>archive</kind>
         <file>rts2800_ml.lib</file>
         <name>pre_init.c.obj</name>
      </input_file>
      <input_file id="fl-36">
         <path>C:\ti\ccs1281\ccs\tools\compiler\ti-cgt-c2000_22.6.1.LTS\lib\</path>
         <kind>archive</kind>
         <file>rts2800_ml.lib</file>
         <name>cpy_tbl.c.obj</name>
      </input_file>
      <input_file id="fl-37">
         <path>C:\ti\ccs1281\ccs\tools\compiler\ti-cgt-c2000_22.6.1.LTS\lib\</path>
         <kind>archive</kind>
         <file>rts2800_ml.lib</file>
         <name>memcpy.c.obj</name>
      </input_file>
      <input_file id="fl-38">
         <path>C:\ti\ccs1281\ccs\tools\compiler\ti-cgt-c2000_22.6.1.LTS\lib\</path>
         <kind>archive</kind>
         <file>rts2800_ml.lib</file>
         <name>strcmp.c.obj</name>
      </input_file>
   </input_file_list>
   <object_component_list>
      <object_component id="oc-17a">
         <name>.cinit:_Sector</name>
         <load_address>0x3f4a9a</load_address>
         <run_address>0x3f4a9a</run_address>
         <size>0x23</size>
         <input_file_ref idref="fl-8"/>
      </object_component>
      <object_component id="oc-c0">
         <name>.cinit</name>
         <load_address>0x3f4abd</load_address>
         <run_address>0x3f4abd</run_address>
         <size>0xa</size>
         <input_file_ref idref="fl-10"/>
      </object_component>
      <object_component id="oc-d1">
         <name>.cinit</name>
         <load_address>0x3f4ac7</load_address>
         <run_address>0x3f4ac7</run_address>
         <size>0xa</size>
         <input_file_ref idref="fl-13"/>
      </object_component>
      <object_component id="oc-f3">
         <name>.cinit</name>
         <load_address>0x3f4ad1</load_address>
         <run_address>0x3f4ad1</run_address>
         <size>0x9</size>
         <input_file_ref idref="fl-19"/>
      </object_component>
      <object_component id="oc-e2">
         <name>.cinit</name>
         <load_address>0x3f4ada</load_address>
         <run_address>0x3f4ada</run_address>
         <size>0x5</size>
         <input_file_ref idref="fl-16"/>
      </object_component>
      <object_component id="oc-125">
         <name>.text:retain</name>
         <load_address>0x3f4000</load_address>
         <run_address>0x3f4000</run_address>
         <size>0x679</size>
         <input_file_ref idref="fl-22"/>
      </object_component>
      <object_component id="oc-174">
         <name>.text</name>
         <load_address>0x3f4679</load_address>
         <run_address>0x3f4679</run_address>
         <size>0x7a</size>
         <input_file_ref idref="fl-8"/>
      </object_component>
      <object_component id="oc-143">
         <name>.text</name>
         <load_address>0x3f46f3</load_address>
         <run_address>0x3f46f3</run_address>
         <size>0x5a</size>
         <input_file_ref idref="fl-2d"/>
      </object_component>
      <object_component id="oc-175">
         <name>.text</name>
         <load_address>0x3f474d</load_address>
         <run_address>0x3f474d</run_address>
         <size>0x54</size>
         <input_file_ref idref="fl-9"/>
      </object_component>
      <object_component id="oc-14d">
         <name>.text</name>
         <load_address>0x3f47a1</load_address>
         <run_address>0x3f47a1</run_address>
         <size>0x54</size>
         <input_file_ref idref="fl-33"/>
      </object_component>
      <object_component id="oc-16f">
         <name>.text</name>
         <load_address>0x3f47f5</load_address>
         <run_address>0x3f47f5</run_address>
         <size>0x24</size>
         <input_file_ref idref="fl-36"/>
      </object_component>
      <object_component id="oc-d7">
         <name>.text</name>
         <load_address>0x3f4819</load_address>
         <run_address>0x3f4819</run_address>
         <size>0x22</size>
         <input_file_ref idref="fl-14"/>
      </object_component>
      <object_component id="oc-148">
         <name>.text</name>
         <load_address>0x3f483b</load_address>
         <run_address>0x3f483b</run_address>
         <size>0x21</size>
         <input_file_ref idref="fl-2e"/>
      </object_component>
      <object_component id="oc-173">
         <name>.text</name>
         <load_address>0x3f485c</load_address>
         <run_address>0x3f485c</run_address>
         <size>0x1d</size>
         <input_file_ref idref="fl-37"/>
      </object_component>
      <object_component id="oc-171">
         <name>.text</name>
         <load_address>0x3f4879</load_address>
         <run_address>0x3f4879</run_address>
         <size>0x1b</size>
         <input_file_ref idref="fl-11"/>
      </object_component>
      <object_component id="oc-172">
         <name>.text</name>
         <load_address>0x3f4894</load_address>
         <run_address>0x3f4894</run_address>
         <size>0x19</size>
         <input_file_ref idref="fl-13"/>
      </object_component>
      <object_component id="oc-dc">
         <name>.text</name>
         <load_address>0x3f48ad</load_address>
         <run_address>0x3f48ad</run_address>
         <size>0x19</size>
         <input_file_ref idref="fl-15"/>
      </object_component>
      <object_component id="oc-177">
         <name>.text</name>
         <load_address>0x3f48c6</load_address>
         <run_address>0x3f48c6</run_address>
         <size>0x13</size>
         <input_file_ref idref="fl-a"/>
      </object_component>
      <object_component id="oc-16d">
         <name>.text</name>
         <load_address>0x3f48d9</load_address>
         <run_address>0x3f48d9</run_address>
         <size>0x11</size>
         <input_file_ref idref="fl-10"/>
      </object_component>
      <object_component id="oc-cb">
         <name>.text</name>
         <load_address>0x3f48ea</load_address>
         <run_address>0x3f48ea</run_address>
         <size>0xc</size>
         <input_file_ref idref="fl-12"/>
      </object_component>
      <object_component id="oc-e8">
         <name>.text</name>
         <load_address>0x3f48f6</load_address>
         <run_address>0x3f48f6</run_address>
         <size>0xb</size>
         <input_file_ref idref="fl-17"/>
      </object_component>
      <object_component id="oc-55">
         <name>.text</name>
         <load_address>0x3f4901</load_address>
         <run_address>0x3f4901</run_address>
         <size>0x8</size>
         <input_file_ref idref="fl-4"/>
      </object_component>
      <object_component id="oc-58">
         <name>.text</name>
         <load_address>0x3f4909</load_address>
         <run_address>0x3f4909</run_address>
         <size>0x8</size>
         <input_file_ref idref="fl-6"/>
      </object_component>
      <object_component id="oc-106">
         <name>.text</name>
         <load_address>0x3f4911</load_address>
         <run_address>0x3f4911</run_address>
         <size>0x7</size>
         <input_file_ref idref="fl-1c"/>
      </object_component>
      <object_component id="oc-ab">
         <name>.text:retain</name>
         <load_address>0x3f4918</load_address>
         <run_address>0x3f4918</run_address>
         <size>0x5</size>
         <input_file_ref idref="fl-c"/>
      </object_component>
      <object_component id="oc-101">
         <name>.text</name>
         <load_address>0x3f491d</load_address>
         <run_address>0x3f491d</run_address>
         <size>0x3</size>
         <input_file_ref idref="fl-1b"/>
      </object_component>
      <object_component id="oc-16e">
         <name>.text</name>
         <load_address>0x3f4920</load_address>
         <run_address>0x3f4920</run_address>
         <size>0x2</size>
         <input_file_ref idref="fl-35"/>
      </object_component>
      <object_component id="oc-170">
         <name>.text</name>
         <load_address>0x3f4922</load_address>
         <run_address>0x3f4922</run_address>
         <size>0x1</size>
         <input_file_ref idref="fl-34"/>
      </object_component>
      <object_component id="oc-4f">
         <name>codestart</name>
         <load_address>0x3f7ff6</load_address>
         <run_address>0x3f7ff6</run_address>
         <size>0x2</size>
         <input_file_ref idref="fl-6"/>
      </object_component>
      <object_component id="oc-176">
         <name>ramfuncs</name>
         <load_address>0x3f4923</load_address>
         <run_address>0x8000</run_address>
         <size>0x173</size>
         <input_file_ref idref="fl-8"/>
      </object_component>
      <object_component id="oc-13e">
         <name>ramfuncs</name>
         <load_address>0x3f4a96</load_address>
         <run_address>0x8173</run_address>
         <size>0x4</size>
         <input_file_ref idref="fl-27"/>
      </object_component>
      <object_component id="oc-56">
         <name>csmpasswds</name>
         <load_address>0x3f7ff8</load_address>
         <run_address>0x3f7ff8</run_address>
         <size>0x8</size>
         <input_file_ref idref="fl-5"/>
      </object_component>
      <object_component id="oc-57">
         <name>csm_rsvd</name>
         <load_address>0x3f7f80</load_address>
         <run_address>0x3f7f80</run_address>
         <size>0x76</size>
         <input_file_ref idref="fl-5"/>
      </object_component>
      <object_component id="oc-14e">
         <name>.stack</name>
         <uninitialized>true</uninitialized>
         <run_address>0x50</run_address>
         <size>0x0</size>
         <input_file_ref idref="fl-33"/>
      </object_component>
      <object_component id="oc-1d1">
         <name>.stack</name>
         <uninitialized>true</uninitialized>
         <run_address>0x50</run_address>
         <size>0x0</size>
      </object_component>
      <object_component id="oc-99">
         <name>.ebss</name>
         <uninitialized>true</uninitialized>
         <run_address>0x8938</run_address>
         <size>0x6</size>
         <input_file_ref idref="fl-8"/>
      </object_component>
      <object_component id="oc-179">
         <name>.ebss:_Sector</name>
         <uninitialized>true</uninitialized>
         <run_address>0x8900</run_address>
         <size>0x20</size>
         <input_file_ref idref="fl-8"/>
      </object_component>
      <object_component id="oc-178">
         <name>.ebss:_Buffer</name>
         <uninitialized>true</uninitialized>
         <run_address>0x8800</run_address>
         <size>0x100</size>
         <input_file_ref idref="fl-8"/>
      </object_component>
      <object_component id="oc-c1">
         <name>.ebss</name>
         <uninitialized>true</uninitialized>
         <run_address>0x8940</run_address>
         <size>0x4</size>
         <input_file_ref idref="fl-10"/>
      </object_component>
      <object_component id="oc-d2">
         <name>.ebss</name>
         <uninitialized>true</uninitialized>
         <run_address>0x8944</run_address>
         <size>0x4</size>
         <input_file_ref idref="fl-13"/>
      </object_component>
      <object_component id="oc-e3">
         <name>.ebss</name>
         <uninitialized>true</uninitialized>
         <run_address>0x893e</run_address>
         <size>0x2</size>
         <input_file_ref idref="fl-16"/>
      </object_component>
      <object_component id="oc-f4">
         <name>.ebss</name>
         <uninitialized>true</uninitialized>
         <run_address>0x8948</run_address>
         <size>0x4</size>
         <input_file_ref idref="fl-19"/>
      </object_component>
      <object_component id="oc-fc">
         <name>.ebss</name>
         <uninitialized>true</uninitialized>
         <run_address>0x8920</run_address>
         <size>0x18</size>
         <input_file_ref idref="fl-1a"/>
      </object_component>
      <object_component id="oc-f6">
         <name>.econst:.string</name>
         <load_address>0x3f4ae2</load_address>
         <run_address>0x3f4ae2</run_address>
         <size>0x22</size>
         <input_file_ref idref="fl-19"/>
      </object_component>
      <object_component id="oc-f5">
         <name>.econst</name>
         <load_address>0x3f4b04</load_address>
         <run_address>0x3f4b04</run_address>
         <size>0x2</size>
         <input_file_ref idref="fl-19"/>
      </object_component>
      <object_component id="oc-14f">
         <name>.reset</name>
         <load_address>0x3fffc0</load_address>
         <run_address>0x3fffc0</run_address>
         <size>0x2</size>
         <input_file_ref idref="fl-33"/>
      </object_component>
      <object_component id="oc-95">
         <name>PieVectTableFile</name>
         <uninitialized>true</uninitialized>
         <run_address>0xd00</run_address>
         <size>0x100</size>
         <input_file_ref idref="fl-7"/>
      </object_component>
      <object_component id="oc-5f">
         <name>EmuKeyVar</name>
         <uninitialized>true</uninitialized>
         <run_address>0xd00</run_address>
         <size>0x1</size>
         <input_file_ref idref="fl-7"/>
      </object_component>
      <object_component id="oc-60">
         <name>EmuBModeVar</name>
         <uninitialized>true</uninitialized>
         <run_address>0xd01</run_address>
         <size>0x1</size>
         <input_file_ref idref="fl-7"/>
      </object_component>
      <object_component id="oc-62">
         <name>FlashCallbackVar</name>
         <uninitialized>true</uninitialized>
         <run_address>0xd02</run_address>
         <size>0x2</size>
         <input_file_ref idref="fl-7"/>
      </object_component>
      <object_component id="oc-61">
         <name>FlashScalingVar</name>
         <uninitialized>true</uninitialized>
         <run_address>0xd04</run_address>
         <size>0x2</size>
         <input_file_ref idref="fl-7"/>
      </object_component>
      <object_component id="oc-64">
         <name>DevEmuRegsFile</name>
         <uninitialized>true</uninitialized>
         <run_address>0x880</run_address>
         <size>0x4</size>
         <input_file_ref idref="fl-7"/>
      </object_component>
      <object_component id="oc-63">
         <name>SysPwrCtrlRegsFile</name>
         <uninitialized>true</uninitialized>
         <run_address>0x985</run_address>
         <size>0x3</size>
         <input_file_ref idref="fl-7"/>
      </object_component>
      <object_component id="oc-69">
         <name>FlashRegsFile</name>
         <uninitialized>true</uninitialized>
         <run_address>0xa80</run_address>
         <size>0x8</size>
         <input_file_ref idref="fl-7"/>
      </object_component>
      <object_component id="oc-6b">
         <name>CsmRegsFile</name>
         <uninitialized>true</uninitialized>
         <run_address>0xae0</run_address>
         <size>0x10</size>
         <input_file_ref idref="fl-7"/>
      </object_component>
      <object_component id="oc-6a">
         <name>AdcResultFile</name>
         <uninitialized>true</uninitialized>
         <run_address>0xb00</run_address>
         <size>0x10</size>
         <input_file_ref idref="fl-7"/>
      </object_component>
      <object_component id="oc-65">
         <name>CpuTimer0RegsFile</name>
         <uninitialized>true</uninitialized>
         <run_address>0xc00</run_address>
         <size>0x8</size>
         <input_file_ref idref="fl-7"/>
      </object_component>
      <object_component id="oc-66">
         <name>CpuTimer1RegsFile</name>
         <uninitialized>true</uninitialized>
         <run_address>0xc08</run_address>
         <size>0x8</size>
         <input_file_ref idref="fl-7"/>
      </object_component>
      <object_component id="oc-67">
         <name>CpuTimer2RegsFile</name>
         <uninitialized>true</uninitialized>
         <run_address>0xc10</run_address>
         <size>0x8</size>
         <input_file_ref idref="fl-7"/>
      </object_component>
      <object_component id="oc-75">
         <name>PieCtrlRegsFile</name>
         <uninitialized>true</uninitialized>
         <run_address>0xce0</run_address>
         <size>0x1a</size>
         <input_file_ref idref="fl-7"/>
      </object_component>
      <object_component id="oc-85">
         <name>Cla1RegsFile</name>
         <uninitialized>true</uninitialized>
         <run_address>0x1400</run_address>
         <size>0x40</size>
         <input_file_ref idref="fl-7"/>
      </object_component>
      <object_component id="oc-93">
         <name>DmaRegsFile</name>
         <uninitialized>true</uninitialized>
         <run_address>0x1000</run_address>
         <size>0xe0</size>
         <input_file_ref idref="fl-7"/>
      </object_component>
      <object_component id="oc-84">
         <name>ECanaRegsFile</name>
         <uninitialized>true</uninitialized>
         <run_address>0x6000</run_address>
         <size>0x34</size>
         <input_file_ref idref="fl-7"/>
      </object_component>
      <object_component id="oc-86">
         <name>ECanaLAMRegsFile</name>
         <uninitialized>true</uninitialized>
         <run_address>0x6040</run_address>
         <size>0x40</size>
         <input_file_ref idref="fl-7"/>
      </object_component>
      <object_component id="oc-94">
         <name>ECanaMboxesFile</name>
         <uninitialized>true</uninitialized>
         <run_address>0x6100</run_address>
         <size>0x100</size>
         <input_file_ref idref="fl-7"/>
      </object_component>
      <object_component id="oc-87">
         <name>ECanaMOTSRegsFile</name>
         <uninitialized>true</uninitialized>
         <run_address>0x6080</run_address>
         <size>0x40</size>
         <input_file_ref idref="fl-7"/>
      </object_component>
      <object_component id="oc-88">
         <name>ECanaMOTORegsFile</name>
         <uninitialized>true</uninitialized>
         <run_address>0x60c0</run_address>
         <size>0x40</size>
         <input_file_ref idref="fl-7"/>
      </object_component>
      <object_component id="oc-76">
         <name>ECap1RegsFile</name>
         <uninitialized>true</uninitialized>
         <run_address>0x6a00</run_address>
         <size>0x20</size>
         <input_file_ref idref="fl-7"/>
      </object_component>
      <object_component id="oc-77">
         <name>ECap2RegsFile</name>
         <uninitialized>true</uninitialized>
         <run_address>0x6a20</run_address>
         <size>0x20</size>
         <input_file_ref idref="fl-7"/>
      </object_component>
      <object_component id="oc-78">
         <name>ECap3RegsFile</name>
         <uninitialized>true</uninitialized>
         <run_address>0x6a40</run_address>
         <size>0x20</size>
         <input_file_ref idref="fl-7"/>
      </object_component>
      <object_component id="oc-7f">
         <name>EQep1RegsFile</name>
         <uninitialized>true</uninitialized>
         <run_address>0x6b00</run_address>
         <size>0x22</size>
         <input_file_ref idref="fl-7"/>
      </object_component>
      <object_component id="oc-80">
         <name>EQep2RegsFile</name>
         <uninitialized>true</uninitialized>
         <run_address>0x6b40</run_address>
         <size>0x22</size>
         <input_file_ref idref="fl-7"/>
      </object_component>
      <object_component id="oc-91">
         <name>GpioCtrlRegsFile</name>
         <uninitialized>true</uninitialized>
         <run_address>0x6f80</run_address>
         <size>0x40</size>
         <input_file_ref idref="fl-7"/>
      </object_component>
      <object_component id="oc-79">
         <name>GpioDataRegsFile</name>
         <uninitialized>true</uninitialized>
         <run_address>0x6fc0</run_address>
         <size>0x20</size>
         <input_file_ref idref="fl-7"/>
      </object_component>
      <object_component id="oc-7a">
         <name>GpioIntRegsFile</name>
         <uninitialized>true</uninitialized>
         <run_address>0x6fe0</run_address>
         <size>0x20</size>
         <input_file_ref idref="fl-7"/>
      </object_component>
      <object_component id="oc-7b">
         <name>HRCap1RegsFile</name>
         <uninitialized>true</uninitialized>
         <run_address>0x6ac0</run_address>
         <size>0x20</size>
         <input_file_ref idref="fl-7"/>
      </object_component>
      <object_component id="oc-7c">
         <name>HRCap2RegsFile</name>
         <uninitialized>true</uninitialized>
         <run_address>0x6ae0</run_address>
         <size>0x20</size>
         <input_file_ref idref="fl-7"/>
      </object_component>
      <object_component id="oc-7d">
         <name>HRCap3RegsFile</name>
         <uninitialized>true</uninitialized>
         <run_address>0x6c80</run_address>
         <size>0x20</size>
         <input_file_ref idref="fl-7"/>
      </object_component>
      <object_component id="oc-7e">
         <name>HRCap4RegsFile</name>
         <uninitialized>true</uninitialized>
         <run_address>0x6ca0</run_address>
         <size>0x20</size>
         <input_file_ref idref="fl-7"/>
      </object_component>
      <object_component id="oc-83">
         <name>SysCtrlRegsFile</name>
         <uninitialized>true</uninitialized>
         <run_address>0x7010</run_address>
         <size>0x30</size>
         <input_file_ref idref="fl-7"/>
      </object_component>
      <object_component id="oc-6f">
         <name>SpiaRegsFile</name>
         <uninitialized>true</uninitialized>
         <run_address>0x7040</run_address>
         <size>0x10</size>
         <input_file_ref idref="fl-7"/>
      </object_component>
      <object_component id="oc-70">
         <name>SpibRegsFile</name>
         <uninitialized>true</uninitialized>
         <run_address>0x7740</run_address>
         <size>0x10</size>
         <input_file_ref idref="fl-7"/>
      </object_component>
      <object_component id="oc-6d">
         <name>SciaRegsFile</name>
         <uninitialized>true</uninitialized>
         <run_address>0x7050</run_address>
         <size>0x10</size>
         <input_file_ref idref="fl-7"/>
      </object_component>
      <object_component id="oc-6e">
         <name>ScibRegsFile</name>
         <uninitialized>true</uninitialized>
         <run_address>0x7750</run_address>
         <size>0x10</size>
         <input_file_ref idref="fl-7"/>
      </object_component>
      <object_component id="oc-6c">
         <name>NmiIntruptRegsFile</name>
         <uninitialized>true</uninitialized>
         <run_address>0x7060</run_address>
         <size>0x10</size>
         <input_file_ref idref="fl-7"/>
      </object_component>
      <object_component id="oc-71">
         <name>XIntruptRegsFile</name>
         <uninitialized>true</uninitialized>
         <run_address>0x7070</run_address>
         <size>0x10</size>
         <input_file_ref idref="fl-7"/>
      </object_component>
      <object_component id="oc-92">
         <name>AdcRegsFile</name>
         <uninitialized>true</uninitialized>
         <run_address>0x7100</run_address>
         <size>0x50</size>
         <input_file_ref idref="fl-7"/>
      </object_component>
      <object_component id="oc-81">
         <name>I2caRegsFile</name>
         <uninitialized>true</uninitialized>
         <run_address>0x7900</run_address>
         <size>0x22</size>
         <input_file_ref idref="fl-7"/>
      </object_component>
      <object_component id="oc-72">
         <name>Comp1RegsFile</name>
         <uninitialized>true</uninitialized>
         <run_address>0x6400</run_address>
         <size>0x14</size>
         <input_file_ref idref="fl-7"/>
      </object_component>
      <object_component id="oc-73">
         <name>Comp2RegsFile</name>
         <uninitialized>true</uninitialized>
         <run_address>0x6420</run_address>
         <size>0x14</size>
         <input_file_ref idref="fl-7"/>
      </object_component>
      <object_component id="oc-74">
         <name>Comp3RegsFile</name>
         <uninitialized>true</uninitialized>
         <run_address>0x6440</run_address>
         <size>0x14</size>
         <input_file_ref idref="fl-7"/>
      </object_component>
      <object_component id="oc-89">
         <name>EPwm1RegsFile</name>
         <uninitialized>true</uninitialized>
         <run_address>0x6800</run_address>
         <size>0x40</size>
         <input_file_ref idref="fl-7"/>
      </object_component>
      <object_component id="oc-8a">
         <name>EPwm2RegsFile</name>
         <uninitialized>true</uninitialized>
         <run_address>0x6840</run_address>
         <size>0x40</size>
         <input_file_ref idref="fl-7"/>
      </object_component>
      <object_component id="oc-8b">
         <name>EPwm3RegsFile</name>
         <uninitialized>true</uninitialized>
         <run_address>0x6880</run_address>
         <size>0x40</size>
         <input_file_ref idref="fl-7"/>
      </object_component>
      <object_component id="oc-8c">
         <name>EPwm4RegsFile</name>
         <uninitialized>true</uninitialized>
         <run_address>0x68c0</run_address>
         <size>0x40</size>
         <input_file_ref idref="fl-7"/>
      </object_component>
      <object_component id="oc-8d">
         <name>EPwm5RegsFile</name>
         <uninitialized>true</uninitialized>
         <run_address>0x6900</run_address>
         <size>0x40</size>
         <input_file_ref idref="fl-7"/>
      </object_component>
      <object_component id="oc-8e">
         <name>EPwm6RegsFile</name>
         <uninitialized>true</uninitialized>
         <run_address>0x6940</run_address>
         <size>0x40</size>
         <input_file_ref idref="fl-7"/>
      </object_component>
      <object_component id="oc-8f">
         <name>EPwm7RegsFile</name>
         <uninitialized>true</uninitialized>
         <run_address>0x6980</run_address>
         <size>0x40</size>
         <input_file_ref idref="fl-7"/>
      </object_component>
      <object_component id="oc-90">
         <name>EPwm8RegsFile</name>
         <uninitialized>true</uninitialized>
         <run_address>0x69c0</run_address>
         <size>0x40</size>
         <input_file_ref idref="fl-7"/>
      </object_component>
      <object_component id="oc-82">
         <name>McbspaRegsFile</name>
         <uninitialized>true</uninitialized>
         <run_address>0x5000</run_address>
         <size>0x24</size>
         <input_file_ref idref="fl-7"/>
      </object_component>
      <object_component id="oc-96">
         <name>Usb0RegsFile</name>
         <uninitialized>true</uninitialized>
         <run_address>0x4000</run_address>
         <size>0x454</size>
         <input_file_ref idref="fl-7"/>
      </object_component>
      <object_component id="oc-68">
         <name>CsmPwlFile</name>
         <uninitialized>true</uninitialized>
         <run_address>0x3f7ff8</run_address>
         <size>0x8</size>
         <input_file_ref idref="fl-7"/>
      </object_component>
      <object_component id="oc-5e">
         <name>PartIdRegsFile</name>
         <uninitialized>true</uninitialized>
         <run_address>0x3d7e80</run_address>
         <size>0x1</size>
         <input_file_ref idref="fl-7"/>
      </object_component>
      <object_component id="oc-59">
         <name>.debug_line</name>
         <load_address>0x0</load_address>
         <run_address>0x0</run_address>
         <size>0x65</size>
         <input_file_ref idref="fl-6"/>
      </object_component>
      <object_component id="oc-9b">
         <name>.debug_line</name>
         <load_address>0x65</load_address>
         <run_address>0x65</run_address>
         <size>0x1e2</size>
         <input_file_ref idref="fl-8"/>
      </object_component>
      <object_component id="oc-a0">
         <name>.debug_line</name>
         <load_address>0x247</load_address>
         <run_address>0x247</run_address>
         <size>0xa4</size>
         <input_file_ref idref="fl-9"/>
      </object_component>
      <object_component id="oc-a5">
         <name>.debug_line</name>
         <load_address>0x2eb</load_address>
         <run_address>0x2eb</run_address>
         <size>0x72</size>
         <input_file_ref idref="fl-a"/>
      </object_component>
      <object_component id="oc-ad">
         <name>.debug_line</name>
         <load_address>0x35d</load_address>
         <run_address>0x35d</run_address>
         <size>0x5f</size>
         <input_file_ref idref="fl-c"/>
      </object_component>
      <object_component id="oc-b2">
         <name>.debug_line</name>
         <load_address>0x3bc</load_address>
         <run_address>0x3bc</run_address>
         <size>0x43</size>
         <input_file_ref idref="fl-d"/>
      </object_component>
      <object_component id="oc-b7">
         <name>.debug_line</name>
         <load_address>0x3ff</load_address>
         <run_address>0x3ff</run_address>
         <size>0x44</size>
         <input_file_ref idref="fl-e"/>
      </object_component>
      <object_component id="oc-bc">
         <name>.debug_line</name>
         <load_address>0x443</load_address>
         <run_address>0x443</run_address>
         <size>0x41</size>
         <input_file_ref idref="fl-f"/>
      </object_component>
      <object_component id="oc-c3">
         <name>.debug_line</name>
         <load_address>0x484</load_address>
         <run_address>0x484</run_address>
         <size>0x82</size>
         <input_file_ref idref="fl-10"/>
      </object_component>
      <object_component id="oc-c8">
         <name>.debug_line</name>
         <load_address>0x506</load_address>
         <run_address>0x506</run_address>
         <size>0x70</size>
         <input_file_ref idref="fl-11"/>
      </object_component>
      <object_component id="oc-cd">
         <name>.debug_line</name>
         <load_address>0x576</load_address>
         <run_address>0x576</run_address>
         <size>0x52</size>
         <input_file_ref idref="fl-12"/>
      </object_component>
      <object_component id="oc-d4">
         <name>.debug_line</name>
         <load_address>0x5c8</load_address>
         <run_address>0x5c8</run_address>
         <size>0x7d</size>
         <input_file_ref idref="fl-13"/>
      </object_component>
      <object_component id="oc-d9">
         <name>.debug_line</name>
         <load_address>0x645</load_address>
         <run_address>0x645</run_address>
         <size>0x69</size>
         <input_file_ref idref="fl-14"/>
      </object_component>
      <object_component id="oc-de">
         <name>.debug_line</name>
         <load_address>0x6ae</load_address>
         <run_address>0x6ae</run_address>
         <size>0x6d</size>
         <input_file_ref idref="fl-15"/>
      </object_component>
      <object_component id="oc-e5">
         <name>.debug_line</name>
         <load_address>0x71b</load_address>
         <run_address>0x71b</run_address>
         <size>0x42</size>
         <input_file_ref idref="fl-16"/>
      </object_component>
      <object_component id="oc-ea">
         <name>.debug_line</name>
         <load_address>0x75d</load_address>
         <run_address>0x75d</run_address>
         <size>0x4f</size>
         <input_file_ref idref="fl-17"/>
      </object_component>
      <object_component id="oc-ef">
         <name>.debug_line</name>
         <load_address>0x7ac</load_address>
         <run_address>0x7ac</run_address>
         <size>0x40</size>
         <input_file_ref idref="fl-18"/>
      </object_component>
      <object_component id="oc-f8">
         <name>.debug_line</name>
         <load_address>0x7ec</load_address>
         <run_address>0x7ec</run_address>
         <size>0x42</size>
         <input_file_ref idref="fl-19"/>
      </object_component>
      <object_component id="oc-fe">
         <name>.debug_line</name>
         <load_address>0x82e</load_address>
         <run_address>0x82e</run_address>
         <size>0x4b</size>
         <input_file_ref idref="fl-1a"/>
      </object_component>
      <object_component id="oc-102">
         <name>.debug_line</name>
         <load_address>0x879</load_address>
         <run_address>0x879</run_address>
         <size>0x5a</size>
         <input_file_ref idref="fl-1b"/>
      </object_component>
      <object_component id="oc-107">
         <name>.debug_line</name>
         <load_address>0x8d3</load_address>
         <run_address>0x8d3</run_address>
         <size>0x5e</size>
         <input_file_ref idref="fl-1c"/>
      </object_component>
      <object_component id="oc-10d">
         <name>.debug_line</name>
         <load_address>0x931</load_address>
         <run_address>0x931</run_address>
         <size>0x45</size>
         <input_file_ref idref="fl-1d"/>
      </object_component>
      <object_component id="oc-112">
         <name>.debug_line</name>
         <load_address>0x976</load_address>
         <run_address>0x976</run_address>
         <size>0x46</size>
         <input_file_ref idref="fl-1e"/>
      </object_component>
      <object_component id="oc-117">
         <name>.debug_line</name>
         <load_address>0x9bc</load_address>
         <run_address>0x9bc</run_address>
         <size>0x46</size>
         <input_file_ref idref="fl-1f"/>
      </object_component>
      <object_component id="oc-11c">
         <name>.debug_line</name>
         <load_address>0xa02</load_address>
         <run_address>0xa02</run_address>
         <size>0x49</size>
         <input_file_ref idref="fl-20"/>
      </object_component>
      <object_component id="oc-121">
         <name>.debug_line</name>
         <load_address>0xa4b</load_address>
         <run_address>0xa4b</run_address>
         <size>0x49</size>
         <input_file_ref idref="fl-21"/>
      </object_component>
      <object_component id="oc-127">
         <name>.debug_line</name>
         <load_address>0xa94</load_address>
         <run_address>0xa94</run_address>
         <size>0xc93</size>
         <input_file_ref idref="fl-22"/>
      </object_component>
      <object_component id="oc-12c">
         <name>.debug_line</name>
         <load_address>0x1727</load_address>
         <run_address>0x1727</run_address>
         <size>0x56</size>
         <input_file_ref idref="fl-23"/>
      </object_component>
      <object_component id="oc-131">
         <name>.debug_line</name>
         <load_address>0x177d</load_address>
         <run_address>0x177d</run_address>
         <size>0x45</size>
         <input_file_ref idref="fl-24"/>
      </object_component>
      <object_component id="oc-136">
         <name>.debug_line</name>
         <load_address>0x17c2</load_address>
         <run_address>0x17c2</run_address>
         <size>0x49</size>
         <input_file_ref idref="fl-25"/>
      </object_component>
      <object_component id="oc-13b">
         <name>.debug_line</name>
         <load_address>0x180b</load_address>
         <run_address>0x180b</run_address>
         <size>0x50</size>
         <input_file_ref idref="fl-26"/>
      </object_component>
      <object_component id="oc-13f">
         <name>.debug_line</name>
         <load_address>0x185b</load_address>
         <run_address>0x185b</run_address>
         <size>0x5e</size>
         <input_file_ref idref="fl-27"/>
      </object_component>
      <object_component id="oc-145">
         <name>.debug_line</name>
         <load_address>0x18b9</load_address>
         <run_address>0x18b9</run_address>
         <size>0x8d</size>
         <input_file_ref idref="fl-2d"/>
      </object_component>
      <object_component id="oc-14a">
         <name>.debug_line</name>
         <load_address>0x1946</load_address>
         <run_address>0x1946</run_address>
         <size>0x59</size>
         <input_file_ref idref="fl-2e"/>
      </object_component>
      <object_component id="oc-151">
         <name>.debug_line</name>
         <load_address>0x199f</load_address>
         <run_address>0x199f</run_address>
         <size>0x7d</size>
         <input_file_ref idref="fl-33"/>
      </object_component>
      <object_component id="oc-156">
         <name>.debug_line</name>
         <load_address>0x1a1c</load_address>
         <run_address>0x1a1c</run_address>
         <size>0x3a</size>
         <input_file_ref idref="fl-34"/>
      </object_component>
      <object_component id="oc-15b">
         <name>.debug_line</name>
         <load_address>0x1a56</load_address>
         <run_address>0x1a56</run_address>
         <size>0x3e</size>
         <input_file_ref idref="fl-35"/>
      </object_component>
      <object_component id="oc-160">
         <name>.debug_line</name>
         <load_address>0x1a94</load_address>
         <run_address>0x1a94</run_address>
         <size>0x50</size>
         <input_file_ref idref="fl-36"/>
      </object_component>
      <object_component id="oc-165">
         <name>.debug_line</name>
         <load_address>0x1ae4</load_address>
         <run_address>0x1ae4</run_address>
         <size>0x62</size>
         <input_file_ref idref="fl-37"/>
      </object_component>
      <object_component id="oc-16a">
         <name>.debug_line</name>
         <load_address>0x1b46</load_address>
         <run_address>0x1b46</run_address>
         <size>0x8f</size>
         <input_file_ref idref="fl-38"/>
      </object_component>
      <object_component id="oc-5a">
         <name>.debug_info</name>
         <load_address>0x0</load_address>
         <run_address>0x0</run_address>
         <size>0x105</size>
         <input_file_ref idref="fl-6"/>
      </object_component>
      <object_component id="oc-5d">
         <name>.debug_info</name>
         <load_address>0x105</load_address>
         <run_address>0x105</run_address>
         <size>0x1b014</size>
         <input_file_ref idref="fl-7"/>
      </object_component>
      <object_component id="oc-98">
         <name>.debug_info</name>
         <load_address>0x1b119</load_address>
         <run_address>0x1b119</run_address>
         <size>0x11a9</size>
         <input_file_ref idref="fl-8"/>
      </object_component>
      <object_component id="oc-9e">
         <name>.debug_info</name>
         <load_address>0x1c2c2</load_address>
         <run_address>0x1c2c2</run_address>
         <size>0x2ded</size>
         <input_file_ref idref="fl-9"/>
      </object_component>
      <object_component id="oc-a3">
         <name>.debug_info</name>
         <load_address>0x1f0af</load_address>
         <run_address>0x1f0af</run_address>
         <size>0x3f9</size>
         <input_file_ref idref="fl-a"/>
      </object_component>
      <object_component id="oc-a8">
         <name>.debug_info</name>
         <load_address>0x1f4a8</load_address>
         <run_address>0x1f4a8</run_address>
         <size>0x17f</size>
         <input_file_ref idref="fl-b"/>
      </object_component>
      <object_component id="oc-aa">
         <name>.debug_info</name>
         <load_address>0x1f627</load_address>
         <run_address>0x1f627</run_address>
         <size>0x1995</size>
         <input_file_ref idref="fl-c"/>
      </object_component>
      <object_component id="oc-b0">
         <name>.debug_info</name>
         <load_address>0x20fbc</load_address>
         <run_address>0x20fbc</run_address>
         <size>0x1799</size>
         <input_file_ref idref="fl-d"/>
      </object_component>
      <object_component id="oc-b5">
         <name>.debug_info</name>
         <load_address>0x22755</load_address>
         <run_address>0x22755</run_address>
         <size>0x6db</size>
         <input_file_ref idref="fl-e"/>
      </object_component>
      <object_component id="oc-ba">
         <name>.debug_info</name>
         <load_address>0x22e30</load_address>
         <run_address>0x22e30</run_address>
         <size>0x363</size>
         <input_file_ref idref="fl-f"/>
      </object_component>
      <object_component id="oc-bf">
         <name>.debug_info</name>
         <load_address>0x23193</load_address>
         <run_address>0x23193</run_address>
         <size>0x4aa</size>
         <input_file_ref idref="fl-10"/>
      </object_component>
      <object_component id="oc-c6">
         <name>.debug_info</name>
         <load_address>0x2363d</load_address>
         <run_address>0x2363d</run_address>
         <size>0x400</size>
         <input_file_ref idref="fl-11"/>
      </object_component>
      <object_component id="oc-cc">
         <name>.debug_info</name>
         <load_address>0x23a3d</load_address>
         <run_address>0x23a3d</run_address>
         <size>0xfd</size>
         <input_file_ref idref="fl-12"/>
      </object_component>
      <object_component id="oc-d0">
         <name>.debug_info</name>
         <load_address>0x23b3a</load_address>
         <run_address>0x23b3a</run_address>
         <size>0x444</size>
         <input_file_ref idref="fl-13"/>
      </object_component>
      <object_component id="oc-d8">
         <name>.debug_info</name>
         <load_address>0x23f7e</load_address>
         <run_address>0x23f7e</run_address>
         <size>0xdc</size>
         <input_file_ref idref="fl-14"/>
      </object_component>
      <object_component id="oc-dd">
         <name>.debug_info</name>
         <load_address>0x2405a</load_address>
         <run_address>0x2405a</run_address>
         <size>0x132</size>
         <input_file_ref idref="fl-15"/>
      </object_component>
      <object_component id="oc-e1">
         <name>.debug_info</name>
         <load_address>0x2418c</load_address>
         <run_address>0x2418c</run_address>
         <size>0x2f6</size>
         <input_file_ref idref="fl-16"/>
      </object_component>
      <object_component id="oc-e9">
         <name>.debug_info</name>
         <load_address>0x24482</load_address>
         <run_address>0x24482</run_address>
         <size>0xdc</size>
         <input_file_ref idref="fl-17"/>
      </object_component>
      <object_component id="oc-ed">
         <name>.debug_info</name>
         <load_address>0x2455e</load_address>
         <run_address>0x2455e</run_address>
         <size>0x3b8</size>
         <input_file_ref idref="fl-18"/>
      </object_component>
      <object_component id="oc-f2">
         <name>.debug_info</name>
         <load_address>0x24916</load_address>
         <run_address>0x24916</run_address>
         <size>0x4c5</size>
         <input_file_ref idref="fl-19"/>
      </object_component>
      <object_component id="oc-fb">
         <name>.debug_info</name>
         <load_address>0x24ddb</load_address>
         <run_address>0x24ddb</run_address>
         <size>0x797</size>
         <input_file_ref idref="fl-1a"/>
      </object_component>
      <object_component id="oc-103">
         <name>.debug_info</name>
         <load_address>0x25572</load_address>
         <run_address>0x25572</run_address>
         <size>0xf7</size>
         <input_file_ref idref="fl-1b"/>
      </object_component>
      <object_component id="oc-108">
         <name>.debug_info</name>
         <load_address>0x25669</load_address>
         <run_address>0x25669</run_address>
         <size>0xfd</size>
         <input_file_ref idref="fl-1c"/>
      </object_component>
      <object_component id="oc-10b">
         <name>.debug_info</name>
         <load_address>0x25766</load_address>
         <run_address>0x25766</run_address>
         <size>0x1650</size>
         <input_file_ref idref="fl-1d"/>
      </object_component>
      <object_component id="oc-110">
         <name>.debug_info</name>
         <load_address>0x26db6</load_address>
         <run_address>0x26db6</run_address>
         <size>0x4162</size>
         <input_file_ref idref="fl-1e"/>
      </object_component>
      <object_component id="oc-115">
         <name>.debug_info</name>
         <load_address>0x2af18</load_address>
         <run_address>0x2af18</run_address>
         <size>0x17f5</size>
         <input_file_ref idref="fl-1f"/>
      </object_component>
      <object_component id="oc-11a">
         <name>.debug_info</name>
         <load_address>0x2c70d</load_address>
         <run_address>0x2c70d</run_address>
         <size>0x17a8</size>
         <input_file_ref idref="fl-20"/>
      </object_component>
      <object_component id="oc-11f">
         <name>.debug_info</name>
         <load_address>0x2deb5</load_address>
         <run_address>0x2deb5</run_address>
         <size>0x9dd</size>
         <input_file_ref idref="fl-21"/>
      </object_component>
      <object_component id="oc-124">
         <name>.debug_info</name>
         <load_address>0x2e892</load_address>
         <run_address>0x2e892</run_address>
         <size>0x4ca6</size>
         <input_file_ref idref="fl-22"/>
      </object_component>
      <object_component id="oc-12a">
         <name>.debug_info</name>
         <load_address>0x33538</load_address>
         <run_address>0x33538</run_address>
         <size>0x22a5</size>
         <input_file_ref idref="fl-23"/>
      </object_component>
      <object_component id="oc-12f">
         <name>.debug_info</name>
         <load_address>0x357dd</load_address>
         <run_address>0x357dd</run_address>
         <size>0x17f4</size>
         <input_file_ref idref="fl-24"/>
      </object_component>
      <object_component id="oc-134">
         <name>.debug_info</name>
         <load_address>0x36fd1</load_address>
         <run_address>0x36fd1</run_address>
         <size>0x2296</size>
         <input_file_ref idref="fl-25"/>
      </object_component>
      <object_component id="oc-139">
         <name>.debug_info</name>
         <load_address>0x39267</load_address>
         <run_address>0x39267</run_address>
         <size>0x2d2</size>
         <input_file_ref idref="fl-26"/>
      </object_component>
      <object_component id="oc-140">
         <name>.debug_info</name>
         <load_address>0x39539</load_address>
         <run_address>0x39539</run_address>
         <size>0xfa</size>
         <input_file_ref idref="fl-27"/>
      </object_component>
      <object_component id="oc-144">
         <name>.debug_info</name>
         <load_address>0x39633</load_address>
         <run_address>0x39633</run_address>
         <size>0x114</size>
         <input_file_ref idref="fl-2d"/>
      </object_component>
      <object_component id="oc-149">
         <name>.debug_info</name>
         <load_address>0x39747</load_address>
         <run_address>0x39747</run_address>
         <size>0x123</size>
         <input_file_ref idref="fl-2e"/>
      </object_component>
      <object_component id="oc-150">
         <name>.debug_info</name>
         <load_address>0x3986a</load_address>
         <run_address>0x3986a</run_address>
         <size>0x173</size>
         <input_file_ref idref="fl-33"/>
      </object_component>
      <object_component id="oc-154">
         <name>.debug_info</name>
         <load_address>0x399dd</load_address>
         <run_address>0x399dd</run_address>
         <size>0x343</size>
         <input_file_ref idref="fl-34"/>
      </object_component>
      <object_component id="oc-159">
         <name>.debug_info</name>
         <load_address>0x39d20</load_address>
         <run_address>0x39d20</run_address>
         <size>0x346</size>
         <input_file_ref idref="fl-35"/>
      </object_component>
      <object_component id="oc-15e">
         <name>.debug_info</name>
         <load_address>0x3a066</load_address>
         <run_address>0x3a066</run_address>
         <size>0x4fa</size>
         <input_file_ref idref="fl-36"/>
      </object_component>
      <object_component id="oc-163">
         <name>.debug_info</name>
         <load_address>0x3a560</load_address>
         <run_address>0x3a560</run_address>
         <size>0x3d3</size>
         <input_file_ref idref="fl-37"/>
      </object_component>
      <object_component id="oc-168">
         <name>.debug_info</name>
         <load_address>0x3a933</load_address>
         <run_address>0x3a933</run_address>
         <size>0x2f2</size>
         <input_file_ref idref="fl-38"/>
      </object_component>
      <object_component id="oc-1d2">
         <name>.debug_info</name>
         <load_address>0x3ac25</load_address>
         <run_address>0x3ac25</run_address>
         <size>0x8c</size>
      </object_component>
      <object_component id="oc-5b">
         <name>.debug_abbrev</name>
         <load_address>0x0</load_address>
         <run_address>0x0</run_address>
         <size>0x21</size>
         <input_file_ref idref="fl-6"/>
      </object_component>
      <object_component id="oc-97">
         <name>.debug_abbrev</name>
         <load_address>0x21</load_address>
         <run_address>0x21</run_address>
         <size>0xc4</size>
         <input_file_ref idref="fl-7"/>
      </object_component>
      <object_component id="oc-9c">
         <name>.debug_abbrev</name>
         <load_address>0xe5</load_address>
         <run_address>0xe5</run_address>
         <size>0x1fa</size>
         <input_file_ref idref="fl-8"/>
      </object_component>
      <object_component id="oc-a1">
         <name>.debug_abbrev</name>
         <load_address>0x2df</load_address>
         <run_address>0x2df</run_address>
         <size>0xf9</size>
         <input_file_ref idref="fl-9"/>
      </object_component>
      <object_component id="oc-a6">
         <name>.debug_abbrev</name>
         <load_address>0x3d8</load_address>
         <run_address>0x3d8</run_address>
         <size>0x93</size>
         <input_file_ref idref="fl-a"/>
      </object_component>
      <object_component id="oc-a9">
         <name>.debug_abbrev</name>
         <load_address>0x46b</load_address>
         <run_address>0x46b</run_address>
         <size>0x21</size>
         <input_file_ref idref="fl-b"/>
      </object_component>
      <object_component id="oc-ae">
         <name>.debug_abbrev</name>
         <load_address>0x48c</load_address>
         <run_address>0x48c</run_address>
         <size>0x1ac</size>
         <input_file_ref idref="fl-c"/>
      </object_component>
      <object_component id="oc-b3">
         <name>.debug_abbrev</name>
         <load_address>0x638</load_address>
         <run_address>0x638</run_address>
         <size>0x171</size>
         <input_file_ref idref="fl-d"/>
      </object_component>
      <object_component id="oc-b8">
         <name>.debug_abbrev</name>
         <load_address>0x7a9</load_address>
         <run_address>0x7a9</run_address>
         <size>0x169</size>
         <input_file_ref idref="fl-e"/>
      </object_component>
      <object_component id="oc-bd">
         <name>.debug_abbrev</name>
         <load_address>0x912</load_address>
         <run_address>0x912</run_address>
         <size>0x138</size>
         <input_file_ref idref="fl-f"/>
      </object_component>
      <object_component id="oc-c4">
         <name>.debug_abbrev</name>
         <load_address>0xa4a</load_address>
         <run_address>0xa4a</run_address>
         <size>0x9f</size>
         <input_file_ref idref="fl-10"/>
      </object_component>
      <object_component id="oc-c9">
         <name>.debug_abbrev</name>
         <load_address>0xae9</load_address>
         <run_address>0xae9</run_address>
         <size>0xeb</size>
         <input_file_ref idref="fl-11"/>
      </object_component>
      <object_component id="oc-ce">
         <name>.debug_abbrev</name>
         <load_address>0xbd4</load_address>
         <run_address>0xbd4</run_address>
         <size>0x35</size>
         <input_file_ref idref="fl-12"/>
      </object_component>
      <object_component id="oc-d5">
         <name>.debug_abbrev</name>
         <load_address>0xc09</load_address>
         <run_address>0xc09</run_address>
         <size>0x101</size>
         <input_file_ref idref="fl-13"/>
      </object_component>
      <object_component id="oc-da">
         <name>.debug_abbrev</name>
         <load_address>0xd0a</load_address>
         <run_address>0xd0a</run_address>
         <size>0x35</size>
         <input_file_ref idref="fl-14"/>
      </object_component>
      <object_component id="oc-df">
         <name>.debug_abbrev</name>
         <load_address>0xd3f</load_address>
         <run_address>0xd3f</run_address>
         <size>0x35</size>
         <input_file_ref idref="fl-15"/>
      </object_component>
      <object_component id="oc-e6">
         <name>.debug_abbrev</name>
         <load_address>0xd74</load_address>
         <run_address>0xd74</run_address>
         <size>0xd7</size>
         <input_file_ref idref="fl-16"/>
      </object_component>
      <object_component id="oc-eb">
         <name>.debug_abbrev</name>
         <load_address>0xe4b</load_address>
         <run_address>0xe4b</run_address>
         <size>0x35</size>
         <input_file_ref idref="fl-17"/>
      </object_component>
      <object_component id="oc-f0">
         <name>.debug_abbrev</name>
         <load_address>0xe80</load_address>
         <run_address>0xe80</run_address>
         <size>0x133</size>
         <input_file_ref idref="fl-18"/>
      </object_component>
      <object_component id="oc-f9">
         <name>.debug_abbrev</name>
         <load_address>0xfb3</load_address>
         <run_address>0xfb3</run_address>
         <size>0x128</size>
         <input_file_ref idref="fl-19"/>
      </object_component>
      <object_component id="oc-ff">
         <name>.debug_abbrev</name>
         <load_address>0x10db</load_address>
         <run_address>0x10db</run_address>
         <size>0x10b</size>
         <input_file_ref idref="fl-1a"/>
      </object_component>
      <object_component id="oc-104">
         <name>.debug_abbrev</name>
         <load_address>0x11e6</load_address>
         <run_address>0x11e6</run_address>
         <size>0x2f</size>
         <input_file_ref idref="fl-1b"/>
      </object_component>
      <object_component id="oc-109">
         <name>.debug_abbrev</name>
         <load_address>0x1215</load_address>
         <run_address>0x1215</run_address>
         <size>0x2f</size>
         <input_file_ref idref="fl-1c"/>
      </object_component>
      <object_component id="oc-10e">
         <name>.debug_abbrev</name>
         <load_address>0x1244</load_address>
         <run_address>0x1244</run_address>
         <size>0x14f</size>
         <input_file_ref idref="fl-1d"/>
      </object_component>
      <object_component id="oc-113">
         <name>.debug_abbrev</name>
         <load_address>0x1393</load_address>
         <run_address>0x1393</run_address>
         <size>0xed</size>
         <input_file_ref idref="fl-1e"/>
      </object_component>
      <object_component id="oc-118">
         <name>.debug_abbrev</name>
         <load_address>0x1480</load_address>
         <run_address>0x1480</run_address>
         <size>0xdc</size>
         <input_file_ref idref="fl-1f"/>
      </object_component>
      <object_component id="oc-11d">
         <name>.debug_abbrev</name>
         <load_address>0x155c</load_address>
         <run_address>0x155c</run_address>
         <size>0x13e</size>
         <input_file_ref idref="fl-20"/>
      </object_component>
      <object_component id="oc-122">
         <name>.debug_abbrev</name>
         <load_address>0x169a</load_address>
         <run_address>0x169a</run_address>
         <size>0xc8</size>
         <input_file_ref idref="fl-21"/>
      </object_component>
      <object_component id="oc-128">
         <name>.debug_abbrev</name>
         <load_address>0x1762</load_address>
         <run_address>0x1762</run_address>
         <size>0x145</size>
         <input_file_ref idref="fl-22"/>
      </object_component>
      <object_component id="oc-12d">
         <name>.debug_abbrev</name>
         <load_address>0x18a7</load_address>
         <run_address>0x18a7</run_address>
         <size>0x116</size>
         <input_file_ref idref="fl-23"/>
      </object_component>
      <object_component id="oc-132">
         <name>.debug_abbrev</name>
         <load_address>0x19bd</load_address>
         <run_address>0x19bd</run_address>
         <size>0xea</size>
         <input_file_ref idref="fl-24"/>
      </object_component>
      <object_component id="oc-137">
         <name>.debug_abbrev</name>
         <load_address>0x1aa7</load_address>
         <run_address>0x1aa7</run_address>
         <size>0x1a3</size>
         <input_file_ref idref="fl-25"/>
      </object_component>
      <object_component id="oc-13c">
         <name>.debug_abbrev</name>
         <load_address>0x1c4a</load_address>
         <run_address>0x1c4a</run_address>
         <size>0x9b</size>
         <input_file_ref idref="fl-26"/>
      </object_component>
      <object_component id="oc-141">
         <name>.debug_abbrev</name>
         <load_address>0x1ce5</load_address>
         <run_address>0x1ce5</run_address>
         <size>0x2f</size>
         <input_file_ref idref="fl-27"/>
      </object_component>
      <object_component id="oc-146">
         <name>.debug_abbrev</name>
         <load_address>0x1d14</load_address>
         <run_address>0x1d14</run_address>
         <size>0x38</size>
         <input_file_ref idref="fl-2d"/>
      </object_component>
      <object_component id="oc-14b">
         <name>.debug_abbrev</name>
         <load_address>0x1d4c</load_address>
         <run_address>0x1d4c</run_address>
         <size>0x38</size>
         <input_file_ref idref="fl-2e"/>
      </object_component>
      <object_component id="oc-152">
         <name>.debug_abbrev</name>
         <load_address>0x1d84</load_address>
         <run_address>0x1d84</run_address>
         <size>0x46</size>
         <input_file_ref idref="fl-33"/>
      </object_component>
      <object_component id="oc-157">
         <name>.debug_abbrev</name>
         <load_address>0x1dca</load_address>
         <run_address>0x1dca</run_address>
         <size>0x66</size>
         <input_file_ref idref="fl-34"/>
      </object_component>
      <object_component id="oc-15c">
         <name>.debug_abbrev</name>
         <load_address>0x1e30</load_address>
         <run_address>0x1e30</run_address>
         <size>0x68</size>
         <input_file_ref idref="fl-35"/>
      </object_component>
      <object_component id="oc-161">
         <name>.debug_abbrev</name>
         <load_address>0x1e98</load_address>
         <run_address>0x1e98</run_address>
         <size>0xe3</size>
         <input_file_ref idref="fl-36"/>
      </object_component>
      <object_component id="oc-166">
         <name>.debug_abbrev</name>
         <load_address>0x1f7b</load_address>
         <run_address>0x1f7b</run_address>
         <size>0xa8</size>
         <input_file_ref idref="fl-37"/>
      </object_component>
      <object_component id="oc-16b">
         <name>.debug_abbrev</name>
         <load_address>0x2023</load_address>
         <run_address>0x2023</run_address>
         <size>0x9d</size>
         <input_file_ref idref="fl-38"/>
      </object_component>
      <object_component id="oc-1d3">
         <name>.debug_abbrev</name>
         <load_address>0x20c0</load_address>
         <run_address>0x20c0</run_address>
         <size>0xf</size>
      </object_component>
      <object_component id="oc-5c">
         <name>.debug_aranges</name>
         <load_address>0x0</load_address>
         <run_address>0x0</run_address>
         <size>0x28</size>
         <input_file_ref idref="fl-6"/>
      </object_component>
      <object_component id="oc-9d">
         <name>.debug_aranges</name>
         <load_address>0x28</load_address>
         <run_address>0x28</run_address>
         <size>0x48</size>
         <input_file_ref idref="fl-8"/>
      </object_component>
      <object_component id="oc-a2">
         <name>.debug_aranges</name>
         <load_address>0x70</load_address>
         <run_address>0x70</run_address>
         <size>0x30</size>
         <input_file_ref idref="fl-9"/>
      </object_component>
      <object_component id="oc-a7">
         <name>.debug_aranges</name>
         <load_address>0xa0</load_address>
         <run_address>0xa0</run_address>
         <size>0x20</size>
         <input_file_ref idref="fl-a"/>
      </object_component>
      <object_component id="oc-af">
         <name>.debug_aranges</name>
         <load_address>0xc0</load_address>
         <run_address>0xc0</run_address>
         <size>0x20</size>
         <input_file_ref idref="fl-c"/>
      </object_component>
      <object_component id="oc-b4">
         <name>.debug_aranges</name>
         <load_address>0xe0</load_address>
         <run_address>0xe0</run_address>
         <size>0x18</size>
         <input_file_ref idref="fl-d"/>
      </object_component>
      <object_component id="oc-b9">
         <name>.debug_aranges</name>
         <load_address>0xf8</load_address>
         <run_address>0xf8</run_address>
         <size>0x18</size>
         <input_file_ref idref="fl-e"/>
      </object_component>
      <object_component id="oc-be">
         <name>.debug_aranges</name>
         <load_address>0x110</load_address>
         <run_address>0x110</run_address>
         <size>0x18</size>
         <input_file_ref idref="fl-f"/>
      </object_component>
      <object_component id="oc-c5">
         <name>.debug_aranges</name>
         <load_address>0x128</load_address>
         <run_address>0x128</run_address>
         <size>0x30</size>
         <input_file_ref idref="fl-10"/>
      </object_component>
      <object_component id="oc-ca">
         <name>.debug_aranges</name>
         <load_address>0x158</load_address>
         <run_address>0x158</run_address>
         <size>0x20</size>
         <input_file_ref idref="fl-11"/>
      </object_component>
      <object_component id="oc-cf">
         <name>.debug_aranges</name>
         <load_address>0x178</load_address>
         <run_address>0x178</run_address>
         <size>0x28</size>
         <input_file_ref idref="fl-12"/>
      </object_component>
      <object_component id="oc-d6">
         <name>.debug_aranges</name>
         <load_address>0x1a0</load_address>
         <run_address>0x1a0</run_address>
         <size>0x28</size>
         <input_file_ref idref="fl-13"/>
      </object_component>
      <object_component id="oc-db">
         <name>.debug_aranges</name>
         <load_address>0x1c8</load_address>
         <run_address>0x1c8</run_address>
         <size>0x28</size>
         <input_file_ref idref="fl-14"/>
      </object_component>
      <object_component id="oc-e0">
         <name>.debug_aranges</name>
         <load_address>0x1f0</load_address>
         <run_address>0x1f0</run_address>
         <size>0x30</size>
         <input_file_ref idref="fl-15"/>
      </object_component>
      <object_component id="oc-e7">
         <name>.debug_aranges</name>
         <load_address>0x220</load_address>
         <run_address>0x220</run_address>
         <size>0x18</size>
         <input_file_ref idref="fl-16"/>
      </object_component>
      <object_component id="oc-ec">
         <name>.debug_aranges</name>
         <load_address>0x238</load_address>
         <run_address>0x238</run_address>
         <size>0x28</size>
         <input_file_ref idref="fl-17"/>
      </object_component>
      <object_component id="oc-f1">
         <name>.debug_aranges</name>
         <load_address>0x260</load_address>
         <run_address>0x260</run_address>
         <size>0x18</size>
         <input_file_ref idref="fl-18"/>
      </object_component>
      <object_component id="oc-fa">
         <name>.debug_aranges</name>
         <load_address>0x278</load_address>
         <run_address>0x278</run_address>
         <size>0x18</size>
         <input_file_ref idref="fl-19"/>
      </object_component>
      <object_component id="oc-100">
         <name>.debug_aranges</name>
         <load_address>0x290</load_address>
         <run_address>0x290</run_address>
         <size>0x18</size>
         <input_file_ref idref="fl-1a"/>
      </object_component>
      <object_component id="oc-105">
         <name>.debug_aranges</name>
         <load_address>0x2a8</load_address>
         <run_address>0x2a8</run_address>
         <size>0x20</size>
         <input_file_ref idref="fl-1b"/>
      </object_component>
      <object_component id="oc-10a">
         <name>.debug_aranges</name>
         <load_address>0x2c8</load_address>
         <run_address>0x2c8</run_address>
         <size>0x20</size>
         <input_file_ref idref="fl-1c"/>
      </object_component>
      <object_component id="oc-10f">
         <name>.debug_aranges</name>
         <load_address>0x2e8</load_address>
         <run_address>0x2e8</run_address>
         <size>0x18</size>
         <input_file_ref idref="fl-1d"/>
      </object_component>
      <object_component id="oc-114">
         <name>.debug_aranges</name>
         <load_address>0x300</load_address>
         <run_address>0x300</run_address>
         <size>0x18</size>
         <input_file_ref idref="fl-1e"/>
      </object_component>
      <object_component id="oc-119">
         <name>.debug_aranges</name>
         <load_address>0x318</load_address>
         <run_address>0x318</run_address>
         <size>0x18</size>
         <input_file_ref idref="fl-1f"/>
      </object_component>
      <object_component id="oc-11e">
         <name>.debug_aranges</name>
         <load_address>0x330</load_address>
         <run_address>0x330</run_address>
         <size>0x18</size>
         <input_file_ref idref="fl-20"/>
      </object_component>
      <object_component id="oc-123">
         <name>.debug_aranges</name>
         <load_address>0x348</load_address>
         <run_address>0x348</run_address>
         <size>0x18</size>
         <input_file_ref idref="fl-21"/>
      </object_component>
      <object_component id="oc-129">
         <name>.debug_aranges</name>
         <load_address>0x360</load_address>
         <run_address>0x360</run_address>
         <size>0x2f8</size>
         <input_file_ref idref="fl-22"/>
      </object_component>
      <object_component id="oc-12e">
         <name>.debug_aranges</name>
         <load_address>0x658</load_address>
         <run_address>0x658</run_address>
         <size>0x18</size>
         <input_file_ref idref="fl-23"/>
      </object_component>
      <object_component id="oc-133">
         <name>.debug_aranges</name>
         <load_address>0x670</load_address>
         <run_address>0x670</run_address>
         <size>0x18</size>
         <input_file_ref idref="fl-24"/>
      </object_component>
      <object_component id="oc-138">
         <name>.debug_aranges</name>
         <load_address>0x688</load_address>
         <run_address>0x688</run_address>
         <size>0x18</size>
         <input_file_ref idref="fl-25"/>
      </object_component>
      <object_component id="oc-13d">
         <name>.debug_aranges</name>
         <load_address>0x6a0</load_address>
         <run_address>0x6a0</run_address>
         <size>0x18</size>
         <input_file_ref idref="fl-26"/>
      </object_component>
      <object_component id="oc-142">
         <name>.debug_aranges</name>
         <load_address>0x6b8</load_address>
         <run_address>0x6b8</run_address>
         <size>0x20</size>
         <input_file_ref idref="fl-27"/>
      </object_component>
      <object_component id="oc-147">
         <name>.debug_aranges</name>
         <load_address>0x6d8</load_address>
         <run_address>0x6d8</run_address>
         <size>0x20</size>
         <input_file_ref idref="fl-2d"/>
      </object_component>
      <object_component id="oc-14c">
         <name>.debug_aranges</name>
         <load_address>0x6f8</load_address>
         <run_address>0x6f8</run_address>
         <size>0x20</size>
         <input_file_ref idref="fl-2e"/>
      </object_component>
      <object_component id="oc-153">
         <name>.debug_aranges</name>
         <load_address>0x718</load_address>
         <run_address>0x718</run_address>
         <size>0x20</size>
         <input_file_ref idref="fl-33"/>
      </object_component>
      <object_component id="oc-158">
         <name>.debug_aranges</name>
         <load_address>0x738</load_address>
         <run_address>0x738</run_address>
         <size>0x20</size>
         <input_file_ref idref="fl-34"/>
      </object_component>
      <object_component id="oc-15d">
         <name>.debug_aranges</name>
         <load_address>0x758</load_address>
         <run_address>0x758</run_address>
         <size>0x20</size>
         <input_file_ref idref="fl-35"/>
      </object_component>
      <object_component id="oc-162">
         <name>.debug_aranges</name>
         <load_address>0x778</load_address>
         <run_address>0x778</run_address>
         <size>0x20</size>
         <input_file_ref idref="fl-36"/>
      </object_component>
      <object_component id="oc-167">
         <name>.debug_aranges</name>
         <load_address>0x798</load_address>
         <run_address>0x798</run_address>
         <size>0x20</size>
         <input_file_ref idref="fl-37"/>
      </object_component>
      <object_component id="oc-16c">
         <name>.debug_aranges</name>
         <load_address>0x7b8</load_address>
         <run_address>0x7b8</run_address>
         <size>0x18</size>
         <input_file_ref idref="fl-38"/>
      </object_component>
      <object_component id="oc-9a">
         <name>.debug_frame</name>
         <load_address>0x0</load_address>
         <run_address>0x0</run_address>
         <size>0xc4</size>
         <input_file_ref idref="fl-8"/>
      </object_component>
      <object_component id="oc-9f">
         <name>.debug_frame</name>
         <load_address>0xc4</load_address>
         <run_address>0xc4</run_address>
         <size>0x68</size>
         <input_file_ref idref="fl-9"/>
      </object_component>
      <object_component id="oc-a4">
         <name>.debug_frame</name>
         <load_address>0x12c</load_address>
         <run_address>0x12c</run_address>
         <size>0x3c</size>
         <input_file_ref idref="fl-a"/>
      </object_component>
      <object_component id="oc-ac">
         <name>.debug_frame</name>
         <load_address>0x168</load_address>
         <run_address>0x168</run_address>
         <size>0x38</size>
         <input_file_ref idref="fl-c"/>
      </object_component>
      <object_component id="oc-b1">
         <name>.debug_frame</name>
         <load_address>0x1a0</load_address>
         <run_address>0x1a0</run_address>
         <size>0x20</size>
         <input_file_ref idref="fl-d"/>
      </object_component>
      <object_component id="oc-b6">
         <name>.debug_frame</name>
[...]
         <value>0x3f4879</value>
         <object_component_ref idref="oc-171"/>
      </symbol>
      <symbol id="sm-236">
         <name>__TI_args_main</name>
         <value>0x1</value>
      </symbol>
      <symbol id="sm-242">
         <name>_epilog_c28x_1</name>
         <value>0x3f48ea</value>
         <object_component_ref idref="oc-cb"/>
      </symbol>
      <symbol id="sm-243">
         <name>_epilog_c28x_2</name>
         <value>0x3f48ee</value>
         <object_component_ref idref="oc-cb"/>
      </symbol>
      <symbol id="sm-256">
         <name>C$$EXIT</name>
         <value>0x3f48ab</value>
         <object_component_ref idref="oc-172"/>
      </symbol>
      <symbol id="sm-257">
         <name>_exit</name>
         <value>0x3f4894</value>
         <object_component_ref idref="oc-172"/>
      </symbol>
      <symbol id="sm-259">
         <name>_abort</name>
         <value>0x3f48ab</value>
         <object_component_ref idref="oc-172"/>
      </symbol>
      <symbol id="sm-25b">
         <name>__cleanup_ptr</name>
         <value>0x8944</value>
         <object_component_ref idref="oc-d2"/>
      </symbol>
      <symbol id="sm-25c">
         <name>__dtors_ptr</name>
         <value>0x8946</value>
         <object_component_ref idref="oc-d2"/>
      </symbol>
      <symbol id="sm-26a">
         <name>I$$MOD</name>
         <value>0x3f482a</value>
         <object_component_ref idref="oc-d7"/>
      </symbol>
      <symbol id="sm-26b">
         <name>I$$DIV</name>
         <value>0x3f4819</value>
         <object_component_ref idref="oc-d7"/>
      </symbol>
      <symbol id="sm-277">
         <name>_prolog_c28x_1</name>
         <value>0x3f48ad</value>
         <object_component_ref idref="oc-dc"/>
      </symbol>
      <symbol id="sm-278">
         <name>_prolog_c28x_2</name>
         <value>0x3f48b1</value>
         <object_component_ref idref="oc-dc"/>
      </symbol>
      <symbol id="sm-279">
         <name>_prolog_c28x_3</name>
         <value>0x3f48b9</value>
         <object_component_ref idref="oc-dc"/>
      </symbol>
      <symbol id="sm-293">
         <name>U$$MOD</name>
         <value>0x3f48fb</value>
         <object_component_ref idref="oc-e8"/>
      </symbol>
      <symbol id="sm-294">
         <name>U$$DIV</name>
         <value>0x3f48f6</value>
         <object_component_ref idref="oc-e8"/>
      </symbol>
      <symbol id="sm-2c2">
         <name>_CpuTimer2</name>
         <value>0x8930</value>
         <object_component_ref idref="oc-fc"/>
      </symbol>
      <symbol id="sm-2c3">
         <name>_CpuTimer0</name>
         <value>0x8920</value>
         <object_component_ref idref="oc-fc"/>
      </symbol>
      <symbol id="sm-2c4">
         <name>_CpuTimer1</name>
         <value>0x8928</value>
         <object_component_ref idref="oc-fc"/>
      </symbol>
      <symbol id="sm-2d0">
         <name>_SetDBGIER</name>
         <value>0x3f491d</value>
         <object_component_ref idref="oc-101"/>
      </symbol>
      <symbol id="sm-2dc">
         <name>_DSP28x_DisableInt</name>
         <value>0x3f4911</value>
         <object_component_ref idref="oc-106"/>
      </symbol>
      <symbol id="sm-2dd">
         <name>_DSP28x_RestoreInt</name>
         <value>0x3f4915</value>
         <object_component_ref idref="oc-106"/>
      </symbol>
      <symbol id="sm-372">
         <name>_ILLEGAL_ISR</name>
         <value>0x3f402c</value>
         <object_component_ref idref="oc-125"/>
      </symbol>
      <symbol id="sm-374">
         <name>_EPWM8_INT_ISR</name>
         <value>0x3f425a</value>
         <object_component_ref idref="oc-125"/>
      </symbol>
      <symbol id="sm-376">
         <name>_USB0_INT_ISR</name>
         <value>0x3f4336</value>
         <object_component_ref idref="oc-125"/>
      </symbol>
      <symbol id="sm-378">
         <name>_EPWM6_INT_ISR</name>
         <value>0x3f422e</value>
         <object_component_ref idref="oc-125"/>
      </symbol>
      <symbol id="sm-37a">
         <name>_ADCINT4_ISR</name>
         <value>0x3f4518</value>
         <object_component_ref idref="oc-125"/>
      </symbol>
      <symbol id="sm-37c">
         <name>_DATALOG_ISR</name>
         <value>0x3f4010</value>
         <object_component_ref idref="oc-125"/>
      </symbol>
      <symbol id="sm-37e">
         <name>_SPITXINTA_ISR</name>
         <value>0x3f4362</value>
         <object_component_ref idref="oc-125"/>
      </symbol>
      <symbol id="sm-380">
         <name>_SPIRXINTA_ISR</name>
         <value>0x3f434c</value>
         <object_component_ref idref="oc-125"/>
      </symbol>
      <symbol id="sm-382">
         <name>_DINTCH3_ISR</name>
         <value>0x3f43fc</value>
         <object_component_ref idref="oc-125"/>
      </symbol>
      <symbol id="sm-384">
         <name>_ECAP3_INT_ISR</name>
         <value>0x3f429c</value>
         <object_component_ref idref="oc-125"/>
      </symbol>
      <symbol id="sm-386">
         <name>_INT13_ISR</name>
         <value>0x3f4000</value>
         <object_component_ref idref="oc-125"/>
      </symbol>
      <symbol id="sm-388">
         <name>_HRCAP4_INT_ISR</name>
         <value>0x3f4320</value>
         <object_component_ref idref="oc-125"/>
      </symbol>
      <symbol id="sm-38a">
         <name>_ADCINT5_ISR</name>
         <value>0x3f452c</value>
         <object_component_ref idref="oc-125"/>
      </symbol>
      <symbol id="sm-38c">
         <name>_MXINTA_ISR</name>
         <value>0x3f43ba</value>
         <object_component_ref idref="oc-125"/>
      </symbol>
      <symbol id="sm-38e">
         <name>_EPWM8_TZINT_ISR</name>
         <value>0x3f41aa</value>
         <object_component_ref idref="oc-125"/>
      </symbol>
      <symbol id="sm-390">
         <name>_EPWM4_INT_ISR</name>
         <value>0x3f4202</value>
         <object_component_ref idref="oc-125"/>
      </symbol>
      <symbol id="sm-392">
         <name>_USER5_ISR</name>
         <value>0x3f404a</value>
         <object_component_ref idref="oc-125"/>
      </symbol>
      <symbol id="sm-394">
         <name>_CLA1_INT2_ISR</name>
         <value>0x3f4596</value>
         <object_component_ref idref="oc-125"/>
      </symbol>
      <symbol id="sm-396">
         <name>_INT_NOTUSED_ISR</name>
         <value>0x3f466f</value>
         <object_component_ref idref="oc-125"/>
      </symbol>
      <symbol id="sm-398">
         <name>_EPWM5_TZINT_ISR</name>
         <value>0x3f4168</value>
         <object_component_ref idref="oc-125"/>
      </symbol>
      <symbol id="sm-39a">
         <name>_CLA1_INT8_ISR</name>
         <value>0x3f4612</value>
         <object_component_ref idref="oc-125"/>
      </symbol>
      <symbol id="sm-39c">
         <name>_EPWM4_TZINT_ISR</name>
         <value>0x3f4152</value>
         <object_component_ref idref="oc-125"/>
      </symbol>
      <symbol id="sm-39e">
         <name>_ECAN0INTA_ISR</name>
         <value>0x3f44d8</value>
         <object_component_ref idref="oc-125"/>
      </symbol>
      <symbol id="sm-3a0">
         <name>_EPWM7_TZINT_ISR</name>
         <value>0x3f4194</value>
         <object_component_ref idref="oc-125"/>
      </symbol>
      <symbol id="sm-3a2">
         <name>_EPWM6_TZINT_ISR</name>
         <value>0x3f417e</value>
         <object_component_ref idref="oc-125"/>
      </symbol>
      <symbol id="sm-3a4">
         <name>_EMUINT_ISR</name>
         <value>0x3f4020</value>
         <object_component_ref idref="oc-125"/>
      </symbol>
      <symbol id="sm-3a6">
         <name>_ECAP1_INT_ISR</name>
         <value>0x3f4270</value>
         <object_component_ref idref="oc-125"/>
      </symbol>
      <symbol id="sm-3a8">
         <name>_EPWM1_TZINT_ISR</name>
         <value>0x3f4110</value>
         <object_component_ref idref="oc-125"/>
      </symbol>
      <symbol id="sm-3aa">
         <name>_ADCINT6_ISR</name>
         <value>0x3f4540</value>
         <object_component_ref idref="oc-125"/>
      </symbol>
      <symbol id="sm-3ac">
         <name>_EQEP2_INT_ISR</name>
         <value>0x3f42f4</value>
         <object_component_ref idref="oc-125"/>
      </symbol>
      <symbol id="sm-3ae">
         <name>_HRCAP2_INT_ISR</name>
         <value>0x3f42c8</value>
         <object_component_ref idref="oc-125"/>
      </symbol>
      <symbol id="sm-3b0">
         <name>_ADCINT8_ISR</name>
         <value>0x3f456c</value>
         <object_component_ref idref="oc-125"/>
      </symbol>
      <symbol id="sm-3b2">
         <name>_USER11_ISR</name>
         <value>0x3f406e</value>
         <object_component_ref idref="oc-125"/>
      </symbol>
      <symbol id="sm-3b4">
         <name>_EPWM3_TZINT_ISR</name>
         <value>0x3f413c</value>
         <object_component_ref idref="oc-125"/>
      </symbol>
      <symbol id="sm-3b6">
         <name>_USER4_ISR</name>
         <value>0x3f4044</value>
         <object_component_ref idref="oc-125"/>
      </symbol>
      <symbol id="sm-3b8">
         <name>_EPWM2_TZINT_ISR</name>
         <value>0x3f4126</value>
         <object_component_ref idref="oc-125"/>
      </symbol>
      <symbol id="sm-3ba">
         <name>_CLA1_INT3_ISR</name>
         <value>0x3f45aa</value>
         <object_component_ref idref="oc-125"/>
      </symbol>
      <symbol id="sm-3bc">
         <name>_EPWM2_INT_ISR</name>
         <value>0x3f41d6</value>
         <object_component_ref idref="oc-125"/>
      </symbol>
      <symbol id="sm-3be">
         <name>_TINT0_ISR</name>
         <value>0x3f40e4</value>
         <object_component_ref idref="oc-125"/>
      </symbol>
      <symbol id="sm-3c0">
         <name>_WAKEINT_ISR</name>
         <value>0x3f40fa</value>
         <object_component_ref idref="oc-125"/>
      </symbol>
      <symbol id="sm-3c2">
         <name>_ADCINT7_ISR</name>
         <value>0x3f4556</value>
         <object_component_ref idref="oc-125"/>
      </symbol>
      <symbol id="sm-3c4">
         <name>_ADCINT9_ISR</name>
         <value>0x3f40ce</value>
         <object_component_ref idref="oc-125"/>
      </symbol>
      <symbol id="sm-3c6">
         <name>_DINTCH4_ISR</name>
         <value>0x3f4412</value>
         <object_component_ref idref="oc-125"/>
      </symbol>
      <symbol id="sm-3c8">
         <name>_USER10_ISR</name>
         <value>0x3f4068</value>
         <object_component_ref idref="oc-125"/>
      </symbol>
      <symbol id="sm-3ca">
         <name>_USER7_ISR</name>
         <value>0x3f4056</value>
         <object_component_ref idref="oc-125"/>
      </symbol>
      <symbol id="sm-3cc">
         <name>_XINT1_ISR</name>
         <value>0x3f40a6</value>
         <object_component_ref idref="oc-125"/>
      </symbol>
      <symbol id="sm-3ce">
         <name>_INT14_ISR</name>
         <value>0x3f4008</value>
         <object_component_ref idref="oc-125"/>
      </symbol>
      <symbol id="sm-3d0">
         <name>_EPWM7_INT_ISR</name>
         <value>0x3f4244</value>
         <object_component_ref idref="oc-125"/>
      </symbol>
      <symbol id="sm-3d2">
         <name>_DINTCH5_ISR</name>
         <value>0x3f4428</value>
         <object_component_ref idref="oc-125"/>
      </symbol>
      <symbol id="sm-3d4">
         <name>_USER6_ISR</name>
         <value>0x3f4050</value>
         <object_component_ref idref="oc-125"/>
      </symbol>
      <symbol id="sm-3d6">
         <name>_CLA1_INT1_ISR</name>
         <value>0x3f4582</value>
         <object_component_ref idref="oc-125"/>
      </symbol>
      <symbol id="sm-3d8">
         <name>_ADCINT1_ISR</name>
         <value>0x3f407a</value>
         <object_component_ref idref="oc-125"/>
      </symbol>
      <symbol id="sm-3da">
         <name>_MRINTA_ISR</name>
         <value>0x3f43a4</value>
         <object_component_ref idref="oc-125"/>
      </symbol>
      <symbol id="sm-3dc">
         <name>_DINTCH6_ISR</name>
         <value>0x3f443e</value>
         <object_component_ref idref="oc-125"/>
      </symbol>
      <symbol id="sm-3de">
         <name>_USER12_ISR</name>
         <value>0x3f4074</value>
         <object_component_ref idref="oc-125"/>
      </symbol>
      <symbol id="sm-3e0">
         <name>_USER1_ISR</name>
         <value>0x3f4032</value>
         <object_component_ref idref="oc-125"/>
      </symbol>
      <symbol id="sm-3e2">
         <name>_XINT3_ISR</name>
         <value>0x3f4628</value>
         <object_component_ref idref="oc-125"/>
      </symbol>
      <symbol id="sm-3e4">
         <name>_CLA1_INT6_ISR</name>
         <value>0x3f45e6</value>
         <object_component_ref idref="oc-125"/>
      </symbol>
      <symbol id="sm-3e6">
         <name>_EPWM5_INT_ISR</name>
         <value>0x3f4218</value>
         <object_component_ref idref="oc-125"/>
      </symbol>
      <symbol id="sm-3e8">
         <name>_NMI_ISR</name>
         <value>0x3f4026</value>
         <object_component_ref idref="oc-125"/>
      </symbol>
      <symbol id="sm-3ea">
         <name>_SCITXINTB_ISR</name>
         <value>0x3f44c2</value>
         <object_component_ref idref="oc-125"/>
      </symbol>
      <symbol id="sm-3ec">
         <name>_SCIRXINTB_ISR</name>
         <value>0x3f44ac</value>
         <object_component_ref idref="oc-125"/>
      </symbol>
      <symbol id="sm-3ee">
         <name>_ECAN1INTA_ISR</name>
         <value>0x3f44ee</value>
         <object_component_ref idref="oc-125"/>
      </symbol>
      <symbol id="sm-3f0">
         <name>_ADCINT2_ISR</name>
         <value>0x3f4090</value>
         <object_component_ref idref="oc-125"/>
      </symbol>
      <symbol id="sm-3f2">
         <name>_ECAP2_INT_ISR</name>
         <value>0x3f4286</value>
         <object_component_ref idref="oc-125"/>
      </symbol>
      <symbol id="sm-3f4">
         <name>_PIE_RESERVED</name>
         <value>0x3f466a</value>
         <object_component_ref idref="oc-125"/>
      </symbol>
      <symbol id="sm-3f6">
         <name>_I2CINT1A_ISR</name>
         <value>0x3f4454</value>
         <object_component_ref idref="oc-125"/>
      </symbol>
      <symbol id="sm-3f8">
         <name>_XINT2_ISR</name>
         <value>0x3f40ba</value>
         <object_component_ref idref="oc-125"/>
      </symbol>
      <symbol id="sm-3fa">
         <name>_CLA1_INT7_ISR</name>
         <value>0x3f45fc</value>
         <object_component_ref idref="oc-125"/>
      </symbol>
      <symbol id="sm-3fc">
         <name>_I2CINT2A_ISR</name>
         <value>0x3f446a</value>
         <object_component_ref idref="oc-125"/>
      </symbol>
      <symbol id="sm-3fe">
         <name>_RTOSINT_ISR</name>
         <value>0x3f4018</value>
         <object_component_ref idref="oc-125"/>
      </symbol>
      <symbol id="sm-400">
         <name>_EPWM3_INT_ISR</name>
         <value>0x3f41ec</value>
         <object_component_ref idref="oc-125"/>
      </symbol>
      <symbol id="sm-402">
         <name>_ADCINT3_ISR</name>
         <value>0x3f4504</value>
         <object_component_ref idref="oc-125"/>
      </symbol>
      <symbol id="sm-404">
         <name>_SPITXINTB_ISR</name>
         <value>0x3f438e</value>
         <object_component_ref idref="oc-125"/>
      </symbol>
      <symbol id="sm-406">
         <name>_SPIRXINTB_ISR</name>
         <value>0x3f4378</value>
         <object_component_ref idref="oc-125"/>
      </symbol>
      <symbol id="sm-408">
         <name>_USER9_ISR</name>
         <value>0x3f4062</value>
         <object_component_ref idref="oc-125"/>
      </symbol>
      <symbol id="sm-40a">
         <name>_USER3_ISR</name>
         <value>0x3f403e</value>
         <object_component_ref idref="oc-125"/>
      </symbol>
      <symbol id="sm-40c">
         <name>_CLA1_INT4_ISR</name>
         <value>0x3f45be</value>
         <object_component_ref idref="oc-125"/>
      </symbol>
      <symbol id="sm-40e">
         <name>_EQEP1_INT_ISR</name>
         <value>0x3f42de</value>
         <object_component_ref idref="oc-125"/>
      </symbol>
      <symbol id="sm-410">
         <name>_HRCAP3_INT_ISR</name>
         <value>0x3f430a</value>
         <object_component_ref idref="oc-125"/>
      </symbol>
      <symbol id="sm-412">
         <name>_DINTCH1_ISR</name>
         <value>0x3f43d0</value>
         <object_component_ref idref="oc-125"/>
      </symbol>
      <symbol id="sm-414">
         <name>_USER8_ISR</name>
         <value>0x3f405c</value>
         <object_component_ref idref="oc-125"/>
      </symbol>
      <symbol id="sm-416">
         <name>_EPWM1_INT_ISR</name>
         <value>0x3f41c0</value>
         <object_component_ref idref="oc-125"/>
      </symbol>
      <symbol id="sm-418">
         <name>_USER2_ISR</name>
         <value>0x3f4038</value>
         <object_component_ref idref="oc-125"/>
      </symbol>
      <symbol id="sm-41a">
         <name>_CLA1_INT5_ISR</name>
         <value>0x3f45d2</value>
         <object_component_ref idref="oc-125"/>
      </symbol>
      <symbol id="sm-41c">
         <name>_LUF_ISR</name>
         <value>0x3f4654</value>
         <object_component_ref idref="oc-125"/>
      </symbol>
      <symbol id="sm-41e">
         <name>_LVF_ISR</name>
         <value>0x3f463e</value>
         <object_component_ref idref="oc-125"/>
      </symbol>
      <symbol id="sm-420">
         <name>_SCITXINTA_ISR</name>
         <value>0x3f4496</value>
         <object_component_ref idref="oc-125"/>
      </symbol>
      <symbol id="sm-422">
         <name>_SCIRXINTA_ISR</name>
         <value>0x3f4480</value>
         <object_component_ref idref="oc-125"/>
      </symbol>
      <symbol id="sm-424">
         <name>_rsvd_ISR</name>
         <value>0x3f4674</value>
         <object_component_ref idref="oc-125"/>
      </symbol>
      <symbol id="sm-426">
         <name>_HRCAP1_INT_ISR</name>
         <value>0x3f42b2</value>
         <object_component_ref idref="oc-125"/>
      </symbol>
      <symbol id="sm-428">
         <name>_DINTCH2_ISR</name>
         <value>0x3f43e6</value>
         <object_component_ref idref="oc-125"/>
      </symbol>
      <symbol id="sm-459">
         <name>_DSP28x_usDelay</name>
         <value>0x8173</value>
         <object_component_ref idref="oc-13e"/>
      </symbol>
      <symbol id="sm-46a">
         <name>FS$$MPY</name>
         <value>0x3f46f3</value>
         <object_component_ref idref="oc-143"/>
      </symbol>
      <symbol id="sm-47b">
         <name>FS$$TOUL</name>
         <value>0x3f483b</value>
         <object_component_ref idref="oc-148"/>
      </symbol>
      <symbol id="sm-47d">
         <name>_Flash2806x_APIVersionHex</name>
         <value>0x3ffef3</value>
      </symbol>
      <symbol id="sm-47f">
         <name>_Flash2806x_Erase</name>
         <value>0x3ffebd</value>
      </symbol>
      <symbol id="sm-481">
         <name>_Flash2806x_Program</name>
         <value>0x3ffebb</value>
      </symbol>
      <symbol id="sm-483">
         <name>_Flash2806x_Verify</name>
         <value>0x3ffedf</value>
      </symbol>
      <symbol id="sm-49e">
         <name>_c_int00</name>
         <value>0x3f47a1</value>
         <object_component_ref idref="oc-14d"/>
      </symbol>
      <symbol id="sm-49f">
         <name>__stack</name>
         <value>0x50</value>
         <object_component_ref idref="oc-14e"/>
      </symbol>
      <symbol id="sm-4ac">
         <name>__system_post_cinit</name>
         <value>0x3f4922</value>
         <object_component_ref idref="oc-170"/>
      </symbol>
      <symbol id="sm-4b9">
         <name>__system_pre_init</name>
         <value>0x3f4920</value>
         <object_component_ref idref="oc-16e"/>
      </symbol>
      <symbol id="sm-4c9">
         <name>_copy_in</name>
         <value>0x3f47f5</value>
         <object_component_ref idref="oc-16f"/>
      </symbol>
      <symbol id="sm-4db">
         <name>_memcpy</name>
         <value>0x3f485c</value>
         <object_component_ref idref="oc-173"/>
      </symbol>
   </symbol_table>
   <title>Link successful</title>
</link_info>
