******************************************************************************
             TMS320C2000 Linker PC v22.6.1                     
******************************************************************************
>> Linked Sun Sep 14 19:59:04 2025

OUTPUT FILE NAME:   <Example_2806xFlashProgramming.out>
ENTRY POINT SYMBOL: "code_start"  address: 003f7ff6


MEMORY CONFIGURATION

         name            origin    length      used     unused   attr    fill
----------------------  --------  ---------  --------  --------  ----  --------
PAGE 0:
  PRAML0                00008000   00000800  00000177  00000689  RWIX
  OTP                   003d7800   00000400  00000000  00000400  RWIX
  FLASHG                003dc000   00004000  00000000  00004000  RWIX
  FLASHF                003e0000   00004000  00000000  00004000  RWIX
  FLASHE                003e4000   00004000  00000000  00004000  RWIX
  FLASHD                003e8000   00004000  00000000  00004000  RWIX
  FLASHC                003ec000   00004000  00000000  00004000  RWIX
  FLASHA                003f4000   00003f80  00000b05  0000347b  RWIX
  CSM_RSVD              003f7f80   00000076  00000076  00000000  RWIX
  BEGIN                 003f7ff6   00000002  00000002  00000000  RWIX
  CSM_PWL_PROG          003f7ff8   00000008  00000008  00000000  RWIX
  FPUTABLES             003fd860   000006a0  00000000  000006a0  RWIX
  IQTABLES              003fdf00   00000b50  00000000  00000b50  RWIX
  IQTABLES2             003fea50   0000008c  00000000  0000008c  RWIX
  IQTABLES3             003feadc   000000aa  00000000  000000aa  RWIX
  ROM                   003ff3b0   00000c10  00000000  00000c10  RWIX
  RESET                 003fffc0   00000002  00000000  00000002  RWIX
  VECTORS               003fffc2   0000003e  00000000  0000003e  RWIX

PAGE 1:
  BOOT_RSVD             00000000   00000050  00000000  00000050  RWIX
  RAMM0                 00000050   000003b0  00000200  000001b0  RWIX
  RAMM1                 00000400   00000400  00000000  00000400  RWIX
  DEV_EMU               00000880   00000105  00000004  00000101  RWIX
  SYS_PWR_CTL           00000985   00000003  00000003  00000000  RWIX
  FLASH_REGS            00000a80   00000060  00000008  00000058  RWIX
  CSM                   00000ae0   00000020  00000010  00000010  RWIX
  ADC_RESULT            00000b00   00000020  00000010  00000010  RWIX
  CPU_TIMER0            00000c00   00000008  00000008  00000000  RWIX
  CPU_TIMER1            00000c08   00000008  00000008  00000000  RWIX
  CPU_TIMER2            00000c10   00000008  00000008  00000000  RWIX
  PIE_CTRL              00000ce0   00000020  0000001a  00000006  RWIX
  PIE_VECT              00000d00   00000100  00000100  00000000  RWIX
  DMA                   00001000   00000200  000000e0  00000120  RWIX
  CLA1                  00001400   00000080  00000040  00000040  RWIX
  USB0                  00004000   00001000  00000454  00000bac  RWIX
  McBSPA                00005000   00000040  00000024  0000001c  RWIX
  ECANA                 00006000   00000040  00000034  0000000c  RWIX
  ECANA_LAM             00006040   00000040  00000040  00000000  RWIX
  ECANA_MOTS            00006080   00000040  00000040  00000000  RWIX
  ECANA_MOTO            000060c0   00000040  00000040  00000000  RWIX
  ECANA_MBOX            00006100   00000100  00000100  00000000  RWIX
  COMP1                 00006400   00000020  00000014  0000000c  RWIX
  COMP2                 00006420   00000020  00000014  0000000c  RWIX
  COMP3                 00006440   00000020  00000014  0000000c  RWIX
  EPWM1                 00006800   00000040  00000040  00000000  RWIX
  EPWM2                 00006840   00000040  00000040  00000000  RWIX
  EPWM3                 00006880   00000040  00000040  00000000  RWIX
  EPWM4                 000068c0   00000040  00000040  00000000  RWIX
  EPWM5                 00006900   00000040  00000040  00000000  RWIX
  EPWM6                 00006940   00000040  00000040  00000000  RWIX
  EPWM7                 00006980   00000040  00000040  00000000  RWIX
  EPWM8                 000069c0   00000040  00000040  00000000  RWIX
  ECAP1                 00006a00   00000020  00000020  00000000  RWIX
  ECAP2                 00006a20   00000020  00000020  00000000  RWIX
  ECAP3                 00006a40   00000020  00000020  00000000  RWIX
  HRCAP1                00006ac0   00000020  00000020  00000000  RWIX
  HRCAP2                00006ae0   00000020  00000020  00000000  RWIX
  EQEP1                 00006b00   00000040  00000022  0000001e  RWIX
  EQEP2                 00006b40   00000040  00000022  0000001e  RWIX
  HRCAP3                00006c80   00000020  00000020  00000000  RWIX
  HRCAP4                00006ca0   00000020  00000020  00000000  RWIX
  GPIOCTRL              00006f80   00000040  00000040  00000000  RWIX
  GPIODAT               00006fc0   00000020  00000020  00000000  RWIX
  GPIOINT               00006fe0   00000020  00000020  00000000  RWIX
  SYSTEM                00007010   00000030  00000030  00000000  RWIX
  SPIA                  00007040   00000010  00000010  00000000  RWIX
  SCIA                  00007050   00000010  00000010  00000000  RWIX
  NMIINTRUPT            00007060   00000010  00000010  00000000  RWIX
  XINTRUPT              00007070   00000010  00000010  00000000  RWIX
  ADC                   00007100   00000080  00000050  00000030  RWIX
  SPIB                  00007740   00000010  00000010  00000000  RWIX
  SCIB                  00007750   00000010  00000010  00000000  RWIX
  I2CA                  00007900   00000040  00000022  0000001e  RWIX
  DRAML1                00008800   00000400  0000014c  000002b4  RWIX
  RAML2                 00008c00   00000400  00000000  00000400  RWIX
  RAML3                 00009000   00001000  00000000  00001000  RWIX
  RAML4                 0000a000   00002000  00000000  00002000  RWIX
  RAML5                 0000c000   00002000  00000000  00002000  RWIX
  RAML6                 0000e000   00002000  00000000  00002000  RWIX
  RAML7                 00010000   00002000  00000000  00002000  RWIX
  RAML8                 00012000   00002000  00000000  00002000  RWIX
  PARTID                003d7e80   00000001  00000001  00000000  RWIX
  FLASHB                003f0000   00004000  00000000  00004000  RWIX
  CSM_PWL               003f7ff8   00000008  00000008  00000000  RWIX


SECTION ALLOCATION MAP

 output                                  attributes/
section   page    origin      length       input sections
--------  ----  ----------  ----------   ----------------
.cinit     0    003f4a9a    00000047     
                  003f4a9a    00000023     BEBootMain.obj (.cinit:_Sector)
                  003f4abd    0000000a     _lock.obj (.cinit)
                  003f4ac7    0000000a     exit.obj (.cinit)
                  003f4ad1    00000009     uartstdio.obj (.cinit)
                  003f4ada    00000005     rand.obj (.cinit)
                  003f4adf    00000002     --HOLE-- [fill = 0]

.pinit     0    003f4000    00000000     UNINITIALIZED

.text      0    003f4000    00000923     
                  003f4000    00000679     F2806x_SWPrioritizedDefaultIsr.obj (.text:retain)
                  003f4679    0000007a     BEBootMain.obj (.text)
                  003f46f3    0000005a     rts2800_ml.lib : fs_mpy28.asm.obj (.text)
                  003f474d    00000054     LowLevel.obj (.text)
                  003f47a1    00000054     rts2800_ml.lib : boot28.asm.obj (.text)
                  003f47f5    00000024                    : cpy_tbl.c.obj (.text)
                  003f4819    00000022     i_div.obj (.text)
                  003f483b    00000021     rts2800_ml.lib : fs_toul28.asm.obj (.text)
                  003f485c    0000001d                    : memcpy.c.obj (.text)
                  003f4879    0000001b     args_main.obj (.text)
                  003f4894    00000019     exit.obj (.text)
                  003f48ad    00000019     prolog.obj (.text)
                  003f48c6    00000013     F2806x_BL_MemCopy.obj (.text)
                  003f48d9    00000011     _lock.obj (.text)
                  003f48ea    0000000c     epilog.obj (.text)
                  003f48f6    0000000b     u_div.obj (.text)
                  003f4901    00000008     Example_Flash2806x_CsmKeys.obj (.text)
                  003f4909    00000008     F2806x_CodeStartBranch.obj (.text)
                  003f4911    00000007     F2806x_DisInt.obj (.text)
                  003f4918    00000005     interrupt.obj (.text:retain)
                  003f491d    00000003     F2806x_DBGIER.obj (.text)
                  003f4920    00000002     rts2800_ml.lib : pre_init.c.obj (.text)
                  003f4922    00000001                    : startup.c.obj (.text)

ramfuncs   0    003f4923    00000177     RUN ADDR = 00008000
                  003f4923    00000173     BEBootMain.obj (ramfuncs)
                  003f4a96    00000004     F2806x_usDelay.obj (ramfuncs)

csm_rsvd   0    003f7f80    00000076     
                  003f7f80    00000076     F2806x_CSMPasswords.obj (csm_rsvd)

codestart 
*          0    003f7ff6    00000002     
                  003f7ff6    00000002     F2806x_CodeStartBranch.obj (codestart)

csmpasswds 
*          0    003f7ff8    00000008     
                  003f7ff8    00000008     F2806x_CSMPasswords.obj (csmpasswds)

.stack     1    00000050    00000200     UNINITIALIZED
                  00000050    00000200     --HOLE--

.ebss      1    00008800    0000014c     UNINITIALIZED
                  00008800    00000100     BEBootMain.obj (.ebss:_Buffer)
                  00008900    00000020     BEBootMain.obj (.ebss:_Sector)
                  00008920    00000018     F2806x_CpuTimers.obj (.ebss)
                  00008938    00000006     BEBootMain.obj (.ebss)
                  0000893e    00000002     rand.obj (.ebss)
                  00008940    00000004     _lock.obj (.ebss)
                  00008944    00000004     exit.obj (.ebss)
                  00008948    00000004     uartstdio.obj (.ebss)

.econst    0    003f4ae2    00000024     
                  003f4ae2    00000022     uartstdio.obj (.econst:.string)
                  003f4b04    00000002     uartstdio.obj (.econst)

.reset     0    003fffc0    00000002     DSECT
                  003fffc0    00000002     rts2800_ml.lib : boot28.asm.obj (.reset)

vectors    0    003fffc2    00000000     DSECT

DevEmuRegsFile 
*          1    00000880    00000004     UNINITIALIZED
                  00000880    00000004     F2806x_GlobalVariableDefs.obj (DevEmuRegsFile)

SysPwrCtrlRegsFile 
*          1    00000985    00000003     UNINITIALIZED
                  00000985    00000003     F2806x_GlobalVariableDefs.obj (SysPwrCtrlRegsFile)

FlashRegsFile 
*          1    00000a80    00000008     UNINITIALIZED
                  00000a80    00000008     F2806x_GlobalVariableDefs.obj (FlashRegsFile)

CsmRegsFile 
*          1    00000ae0    00000010     UNINITIALIZED
                  00000ae0    00000010     F2806x_GlobalVariableDefs.obj (CsmRegsFile)

AdcResultFile 
*          1    00000b00    00000010     UNINITIALIZED
                  00000b00    00000010     F2806x_GlobalVariableDefs.obj (AdcResultFile)

CpuTimer0RegsFile 
*          1    00000c00    00000008     UNINITIALIZED
                  00000c00    00000008     F2806x_GlobalVariableDefs.obj (CpuTimer0RegsFile)

CpuTimer1RegsFile 
*          1    00000c08    00000008     UNINITIALIZED
                  00000c08    00000008     F2806x_GlobalVariableDefs.obj (CpuTimer1RegsFile)

CpuTimer2RegsFile 
*          1    00000c10    00000008     UNINITIALIZED
                  00000c10    00000008     F2806x_GlobalVariableDefs.obj (CpuTimer2RegsFile)

PieCtrlRegsFile 
*          1    00000ce0    0000001a     UNINITIALIZED
                  00000ce0    0000001a     F2806x_GlobalVariableDefs.obj (PieCtrlRegsFile)

PieVectTableFile 
*          1    00000d00    00000100     UNINITIALIZED
                  00000d00    00000100     F2806x_GlobalVariableDefs.obj (PieVectTableFile)

EmuKeyVar 
*          1    00000d00    00000001     UNINITIALIZED
                  00000d00    00000001     F2806x_GlobalVariableDefs.obj (EmuKeyVar)

EmuBModeVar 
*          1    00000d01    00000001     UNINITIALIZED
                  00000d01    00000001     F2806x_GlobalVariableDefs.obj (EmuBModeVar)

FlashCallbackVar 
*          1    00000d02    00000002     UNINITIALIZED
                  00000d02    00000002     F2806x_GlobalVariableDefs.obj (FlashCallbackVar)

FlashScalingVar 
*          1    00000d04    00000002     UNINITIALIZED
                  00000d04    00000002     F2806x_GlobalVariableDefs.obj (FlashScalingVar)

DmaRegsFile 
*          1    00001000    000000e0     UNINITIALIZED
                  00001000    000000e0     F2806x_GlobalVariableDefs.obj (DmaRegsFile)

Cla1RegsFile 
*          1    00001400    00000040     UNINITIALIZED
                  00001400    00000040     F2806x_GlobalVariableDefs.obj (Cla1RegsFile)

Usb0RegsFile 
*          1    00004000    00000454     UNINITIALIZED
                  00004000    00000454     F2806x_GlobalVariableDefs.obj (Usb0RegsFile)

McbspaRegsFile 
*          1    00005000    00000024     UNINITIALIZED
                  00005000    00000024     F2806x_GlobalVariableDefs.obj (McbspaRegsFile)

ECanaRegsFile 
*          1    00006000    00000034     UNINITIALIZED
                  00006000    00000034     F2806x_GlobalVariableDefs.obj (ECanaRegsFile)

ECanaLAMRegsFile 
*          1    00006040    00000040     UNINITIALIZED
                  00006040    00000040     F2806x_GlobalVariableDefs.obj (ECanaLAMRegsFile)

ECanaMOTSRegsFile 
*          1    00006080    00000040     UNINITIALIZED
                  00006080    00000040     F2806x_GlobalVariableDefs.obj (ECanaMOTSRegsFile)

ECanaMOTORegsFile 
*          1    000060c0    00000040     UNINITIALIZED
                  000060c0    00000040     F2806x_GlobalVariableDefs.obj (ECanaMOTORegsFile)

ECanaMboxesFile 
*          1    00006100    00000100     UNINITIALIZED
                  00006100    00000100     F2806x_GlobalVariableDefs.obj (ECanaMboxesFile)

Comp1RegsFile 
*          1    00006400    00000014     UNINITIALIZED
                  00006400    00000014     F2806x_GlobalVariableDefs.obj (Comp1RegsFile)

Comp2RegsFile 
*          1    00006420    00000014     UNINITIALIZED
                  00006420    00000014     F2806x_GlobalVariableDefs.obj (Comp2RegsFile)

Comp3RegsFile 
*          1    00006440    00000014     UNINITIALIZED
                  00006440    00000014     F2806x_GlobalVariableDefs.obj (Comp3RegsFile)

EPwm1RegsFile 
*          1    00006800    00000040     UNINITIALIZED
                  00006800    00000040     F2806x_GlobalVariableDefs.obj (EPwm1RegsFile)

EPwm2RegsFile 
*          1    00006840    00000040     UNINITIALIZED
                  00006840    00000040     F2806x_GlobalVariableDefs.obj (EPwm2RegsFile)

EPwm3RegsFile 
*          1    00006880    00000040     UNINITIALIZED
                  00006880    00000040     F2806x_GlobalVariableDefs.obj (EPwm3RegsFile)

EPwm4RegsFile 
*          1    000068c0    00000040     UNINITIALIZED
                  000068c0    00000040     F2806x_GlobalVariableDefs.obj (EPwm4RegsFile)

EPwm5RegsFile 
*          1    00006900    00000040     UNINITIALIZED
                  00006900    00000040     F2806x_GlobalVariableDefs.obj (EPwm5RegsFile)

EPwm6RegsFile 
*          1    00006940    00000040     UNINITIALIZED
                  00006940    00000040     F2806x_GlobalVariableDefs.obj (EPwm6RegsFile)

EPwm7RegsFile 
*          1    00006980    00000040     UNINITIALIZED
                  00006980    00000040     F2806x_GlobalVariableDefs.obj (EPwm7RegsFile)

EPwm8RegsFile 
*          1    000069c0    00000040     UNINITIALIZED
                  000069c0    00000040     F2806x_GlobalVariableDefs.obj (EPwm8RegsFile)

ECap1RegsFile 
*          1    00006a00    00000020     UNINITIALIZED
                  00006a00    00000020     F2806x_GlobalVariableDefs.obj (ECap1RegsFile)

ECap2RegsFile 
*          1    00006a20    00000020     UNINITIALIZED
                  00006a20    00000020     F2806x_GlobalVariableDefs.obj (ECap2RegsFile)

ECap3RegsFile 
*          1    00006a40    00000020     UNINITIALIZED
                  00006a40    00000020     F2806x_GlobalVariableDefs.obj (ECap3RegsFile)

HRCap1RegsFile 
*          1    00006ac0    00000020     UNINITIALIZED
                  00006ac0    00000020     F2806x_GlobalVariableDefs.obj (HRCap1RegsFile)

HRCap2RegsFile 
*          1    00006ae0    00000020     UNINITIALIZED
                  00006ae0    00000020     F2806x_GlobalVariableDefs.obj (HRCap2RegsFile)

EQep1RegsFile 
*          1    00006b00    00000022     UNINITIALIZED
                  00006b00    00000022     F2806x_GlobalVariableDefs.obj (EQep1RegsFile)

EQep2RegsFile 
*          1    00006b40    00000022     UNINITIALIZED
                  00006b40    00000022     F2806x_GlobalVariableDefs.obj (EQep2RegsFile)

HRCap3RegsFile 
*          1    00006c80    00000020     UNINITIALIZED
                  00006c80    00000020     F2806x_GlobalVariableDefs.obj (HRCap3RegsFile)

HRCap4RegsFile 
*          1    00006ca0    00000020     UNINITIALIZED
                  00006ca0    00000020     F2806x_GlobalVariableDefs.obj (HRCap4RegsFile)

GpioCtrlRegsFile 
*          1    00006f80    00000040     UNINITIALIZED
                  00006f80    00000040     F2806x_GlobalVariableDefs.obj (GpioCtrlRegsFile)

GpioDataRegsFile 
*          1    00006fc0    00000020     UNINITIALIZED
                  00006fc0    00000020     F2806x_GlobalVariableDefs.obj (GpioDataRegsFile)

GpioIntRegsFile 
*          1    00006fe0    00000020     UNINITIALIZED
                  00006fe0    00000020     F2806x_GlobalVariableDefs.obj (GpioIntRegsFile)

SysCtrlRegsFile 
*          1    00007010    00000030     UNINITIALIZED
                  00007010    00000030     F2806x_GlobalVariableDefs.obj (SysCtrlRegsFile)

SpiaRegsFile 
*          1    00007040    00000010     UNINITIALIZED
                  00007040    00000010     F2806x_GlobalVariableDefs.obj (SpiaRegsFile)

SciaRegsFile 
*          1    00007050    00000010     UNINITIALIZED
                  00007050    00000010     F2806x_GlobalVariableDefs.obj (SciaRegsFile)

NmiIntruptRegsFile 
*          1    00007060    00000010     UNINITIALIZED
                  00007060    00000010     F2806x_GlobalVariableDefs.obj (NmiIntruptRegsFile)

XIntruptRegsFile 
*          1    00007070    00000010     UNINITIALIZED
                  00007070    00000010     F2806x_GlobalVariableDefs.obj (XIntruptRegsFile)

AdcRegsFile 
*          1    00007100    00000050     UNINITIALIZED
                  00007100    00000050     F2806x_GlobalVariableDefs.obj (AdcRegsFile)

SpibRegsFile 
*          1    00007740    00000010     UNINITIALIZED
                  00007740    00000010     F2806x_GlobalVariableDefs.obj (SpibRegsFile)

ScibRegsFile 
*          1    00007750    00000010     UNINITIALIZED
                  00007750    00000010     F2806x_GlobalVariableDefs.obj (ScibRegsFile)

I2caRegsFile 
*          1    00007900    00000022     UNINITIALIZED
                  00007900    00000022     F2806x_GlobalVariableDefs.obj (I2caRegsFile)

PartIdRegsFile 
*          1    003d7e80    00000001     UNINITIALIZED
                  003d7e80    00000001     F2806x_GlobalVariableDefs.obj (PartIdRegsFile)

CsmPwlFile 
*          1    003f7ff8    00000008     UNINITIALIZED
                  003f7ff8    00000008     F2806x_GlobalVariableDefs.obj (CsmPwlFile)

MODULE SUMMARY

       Module                               code   initialized data   uninitialized data
       ------                               ----   ----------------   ------------------
    .\
       F2806x_GlobalVariableDefs.obj        0      0                  3550              
       F2806x_CSMPasswords.obj              0      126                0                 
       F2806x_CodeStartBranch.obj           10     0                  0                 
       Example_Flash2806x_CsmKeys.obj       0      8                  0                 
    +--+------------------------------------+------+------------------+--------------------+
       Total:                               10     134                3550              
                                                                                        
    .\Application\
       BEBootMain.obj                       864    35                 294               
    +--+------------------------------------+------+------------------+--------------------+
       Total:                               864    35                 294               
                                                                                        
    .\Drivers\
       LowLevel.obj                         84     0                  0                 
    +--+------------------------------------+------+------------------+--------------------+
       Total:                               84     0                  0                 
                                                                                        
    .\f2806x\MWare\boot_loader\
       F2806x_BL_MemCopy.obj                19     0                  0                 
    +--+------------------------------------+------+------------------+--------------------+
       Total:                               19     0                  0                 
                                                                                        
    .\f2806x\MWare\driverlib\
       interrupt.obj                        5      0                  0                 
    +--+------------------------------------+------+------------------+--------------------+
       Total:                               5      0                  0                 
                                                                                        
    .\f2806x\MWare\rts2800_bl\
       exit.obj                             25     10                 4                 
       i_div.obj                            34     0                  0                 
       _lock.obj                            17     10                 4                 
       args_main.obj                        27     0                  0                 
       prolog.obj                           25     0                  0                 
       epilog.obj                           12     0                  0                 
       u_div.obj                            11     0                  0                 
       rand.obj                             0      5                  2                 
    +--+------------------------------------+------+------------------+--------------------+
       Total:                               151    25                 10                
                                                                                        
    .\f2806x\MWare\utils\
       uartstdio.obj                        0      45                 4                 
    +--+------------------------------------+------+------------------+--------------------+
       Total:                               0      45                 4                 
                                                                                        
    .\f2806x\common\source\
       F2806x_SWPrioritizedDefaultIsr.obj   1657   0                  0                 
       F2806x_CpuTimers.obj                 0      0                  24                
       F2806x_usDelay.obj                   8      0                  0                 
       F2806x_DisInt.obj                    7      0                  0                 
       F2806x_DBGIER.obj                    3      0                  0                 
    +--+------------------------------------+------+------------------+--------------------+
       Total:                               1675   0                  24                
                                                                                        
    C:/ti/ccs1281/ccs/tools/compiler/ti-cgt-c2000_22.6.1.LTS/lib/rts2800_ml.lib
       fs_mpy28.asm.obj                     90     0                  0                 
       boot28.asm.obj                       84     0                  0                 
       cpy_tbl.c.obj                        36     0                  0                 
       fs_toul28.asm.obj                    33     0                  0                 
       memcpy.c.obj                         29     0                  0                 
       pre_init.c.obj                       2      0                  0                 
       startup.c.obj                        1      0                  0                 
    +--+------------------------------------+------+------------------+--------------------+
       Total:                               275    0                  0                 
                                                                                        
       Stack:                               0      0                  512               
    +--+------------------------------------+------+------------------+--------------------+
       Grand Total:                         3083   239                4394              


GLOBAL DATA SYMBOLS: SORTED BY DATA PAGE

address     data page           name
--------    ----------------    ----
00000050       1 (00000040)     __stack

00000880      22 (00000880)     _DevEmuRegs

00000985      26 (00000980)     _SysPwrCtrlRegs

00000a80      2a (00000a80)     _FlashRegs

00000ae0      2b (00000ac0)     _CsmRegs

00000b00      2c (00000b00)     _AdcResult

00000c00      30 (00000c00)     _CpuTimer0Regs
00000c08      30 (00000c00)     _CpuTimer1Regs
00000c10      30 (00000c00)     _CpuTimer2Regs

00000ce0      33 (00000cc0)     _PieCtrlRegs

00000d00      34 (00000d00)     _EmuKey
00000d00      34 (00000d00)     _PieVectTable
00000d01      34 (00000d00)     _EmuBMode
00000d02      34 (00000d00)     _Flash_CallbackPtr
00000d04      34 (00000d00)     _Flash_CPUScaleFactor

00001000      40 (00001000)     _DmaRegs

00001400      50 (00001400)     _Cla1Regs

00004000     100 (00004000)     _Usb0Regs

00005000     140 (00005000)     _McbspaRegs

00006000     180 (00006000)     _ECanaRegs

00006040     181 (00006040)     _ECanaLAMRegs

00006080     182 (00006080)     _ECanaMOTSRegs

000060c0     183 (000060c0)     _ECanaMOTORegs

00006100     184 (00006100)     _ECanaMboxes

00006400     190 (00006400)     _Comp1Regs
00006420     190 (00006400)     _Comp2Regs

00006440     191 (00006440)     _Comp3Regs

00006800     1a0 (00006800)     _EPwm1Regs

00006840     1a1 (00006840)     _EPwm2Regs

00006880     1a2 (00006880)     _EPwm3Regs

000068c0     1a3 (000068c0)     _EPwm4Regs

00006900     1a4 (00006900)     _EPwm5Regs

00006940     1a5 (00006940)     _EPwm6Regs

00006980     1a6 (00006980)     _EPwm7Regs

000069c0     1a7 (000069c0)     _EPwm8Regs

00006a00     1a8 (00006a00)     _ECap1Regs
00006a20     1a8 (00006a00)     _ECap2Regs

00006a40     1a9 (00006a40)     _ECap3Regs

00006ac0     1ab (00006ac0)     _HRCap1Regs
00006ae0     1ab (00006ac0)     _HRCap2Regs

00006b00     1ac (00006b00)     _EQep1Regs

00006b40     1ad (00006b40)     _EQep2Regs

00006c80     1b2 (00006c80)     _HRCap3Regs
00006ca0     1b2 (00006c80)     _HRCap4Regs

00006f80     1be (00006f80)     _GpioCtrlRegs

00006fc0     1bf (00006fc0)     _GpioDataRegs
00006fe0     1bf (00006fc0)     _GpioIntRegs

00007010     1c0 (00007000)     _SysCtrlRegs

00007040     1c1 (00007040)     _SpiaRegs
00007050     1c1 (00007040)     _SciaRegs
00007060     1c1 (00007040)     _NmiIntruptRegs
00007070     1c1 (00007040)     _XIntruptRegs

00007100     1c4 (00007100)     _AdcRegs

00007740     1dd (00007740)     _SpibRegs
00007750     1dd (00007740)     _ScibRegs

00007900     1e4 (00007900)     _I2caRegs

00008800     220 (00008800)     _Buffer

00008900     224 (00008900)     _Sector
00008920     224 (00008900)     _CpuTimer0
00008928     224 (00008900)     _CpuTimer1
00008930     224 (00008900)     _CpuTimer2
00008938     224 (00008900)     _MyCallbackCounter
0000893a     224 (00008900)     _FlashStatus

00008940     225 (00008940)     __lock
00008942     225 (00008940)     __unlock
00008944     225 (00008940)     __cleanup_ptr
00008946     225 (00008940)     __dtors_ptr

003d7e80    f5fa (003d7e80)     _PartIdRegs

003f4000    fd00 (003f4000)     _INT13_ISR
003f4008    fd00 (003f4000)     _INT14_ISR
003f4010    fd00 (003f4000)     _DATALOG_ISR
003f4018    fd00 (003f4000)     _RTOSINT_ISR
003f4020    fd00 (003f4000)     _EMUINT_ISR
003f4026    fd00 (003f4000)     _NMI_ISR
003f402c    fd00 (003f4000)     _ILLEGAL_ISR
003f4032    fd00 (003f4000)     _USER1_ISR
003f4038    fd00 (003f4000)     _USER2_ISR
003f403e    fd00 (003f4000)     _USER3_ISR

003f4044    fd01 (003f4040)     _USER4_ISR
003f404a    fd01 (003f4040)     _USER5_ISR
003f4050    fd01 (003f4040)     _USER6_ISR
003f4056    fd01 (003f4040)     _USER7_ISR
003f405c    fd01 (003f4040)     _USER8_ISR
003f4062    fd01 (003f4040)     _USER9_ISR
003f4068    fd01 (003f4040)     _USER10_ISR
003f406e    fd01 (003f4040)     _USER11_ISR
003f4074    fd01 (003f4040)     _USER12_ISR
003f407a    fd01 (003f4040)     _ADCINT1_ISR

003f4090    fd02 (003f4080)     _ADCINT2_ISR
003f40a6    fd02 (003f4080)     _XINT1_ISR
003f40ba    fd02 (003f4080)     _XINT2_ISR

003f40ce    fd03 (003f40c0)     _ADCINT9_ISR
003f40e4    fd03 (003f40c0)     _TINT0_ISR
003f40fa    fd03 (003f40c0)     _WAKEINT_ISR

003f4110    fd04 (003f4100)     _EPWM1_TZINT_ISR
003f4126    fd04 (003f4100)     _EPWM2_TZINT_ISR
003f413c    fd04 (003f4100)     _EPWM3_TZINT_ISR

003f4152    fd05 (003f4140)     _EPWM4_TZINT_ISR
003f4168    fd05 (003f4140)     _EPWM5_TZINT_ISR
003f417e    fd05 (003f4140)     _EPWM6_TZINT_ISR

003f4194    fd06 (003f4180)     _EPWM7_TZINT_ISR
003f41aa    fd06 (003f4180)     _EPWM8_TZINT_ISR

003f41c0    fd07 (003f41c0)     _EPWM1_INT_ISR
003f41d6    fd07 (003f41c0)     _EPWM2_INT_ISR
003f41ec    fd07 (003f41c0)     _EPWM3_INT_ISR

003f4202    fd08 (003f4200)     _EPWM4_INT_ISR
003f4218    fd08 (003f4200)     _EPWM5_INT_ISR
003f422e    fd08 (003f4200)     _EPWM6_INT_ISR

003f4244    fd09 (003f4240)     _EPWM7_INT_ISR
003f425a    fd09 (003f4240)     _EPWM8_INT_ISR
003f4270    fd09 (003f4240)     _ECAP1_INT_ISR

003f4286    fd0a (003f4280)     _ECAP2_INT_ISR
003f429c    fd0a (003f4280)     _ECAP3_INT_ISR
003f42b2    fd0a (003f4280)     _HRCAP1_INT_ISR

003f42c8    fd0b (003f42c0)     _HRCAP2_INT_ISR
003f42de    fd0b (003f42c0)     _EQEP1_INT_ISR
003f42f4    fd0b (003f42c0)     _EQEP2_INT_ISR

003f430a    fd0c (003f4300)     _HRCAP3_INT_ISR
003f4320    fd0c (003f4300)     _HRCAP4_INT_ISR
003f4336    fd0c (003f4300)     _USB0_INT_ISR

003f434c    fd0d (003f4340)     _SPIRXINTA_ISR
003f4362    fd0d (003f4340)     _SPITXINTA_ISR
003f4378    fd0d (003f4340)     _SPIRXINTB_ISR

003f438e    fd0e (003f4380)     _SPITXINTB_ISR
003f43a4    fd0e (003f4380)     _MRINTA_ISR
003f43ba    fd0e (003f4380)     _MXINTA_ISR

003f43d0    fd0f (003f43c0)     _DINTCH1_ISR
003f43e6    fd0f (003f43c0)     _DINTCH2_ISR
003f43fc    fd0f (003f43c0)     _DINTCH3_ISR

003f4412    fd10 (003f4400)     _DINTCH4_ISR
003f4428    fd10 (003f4400)     _DINTCH5_ISR
003f443e    fd10 (003f4400)     _DINTCH6_ISR

003f4454    fd11 (003f4440)     _I2CINT1A_ISR
003f446a    fd11 (003f4440)     _I2CINT2A_ISR

003f4480    fd12 (003f4480)     _SCIRXINTA_ISR
003f4496    fd12 (003f4480)     _SCITXINTA_ISR
003f44ac    fd12 (003f4480)     _SCIRXINTB_ISR

003f44c2    fd13 (003f44c0)     _SCITXINTB_ISR
003f44d8    fd13 (003f44c0)     _ECAN0INTA_ISR
003f44ee    fd13 (003f44c0)     _ECAN1INTA_ISR

003f4504    fd14 (003f4500)     _ADCINT3_ISR
003f4518    fd14 (003f4500)     _ADCINT4_ISR
003f452c    fd14 (003f4500)     _ADCINT5_ISR

003f4540    fd15 (003f4540)     _ADCINT6_ISR
003f4556    fd15 (003f4540)     _ADCINT7_ISR
003f456c    fd15 (003f4540)     _ADCINT8_ISR

003f4582    fd16 (003f4580)     _CLA1_INT1_ISR
003f4596    fd16 (003f4580)     _CLA1_INT2_ISR
003f45aa    fd16 (003f4580)     _CLA1_INT3_ISR
003f45be    fd16 (003f4580)     _CLA1_INT4_ISR

003f45d2    fd17 (003f45c0)     _CLA1_INT5_ISR
003f45e6    fd17 (003f45c0)     _CLA1_INT6_ISR
003f45fc    fd17 (003f45c0)     _CLA1_INT7_ISR

003f4612    fd18 (003f4600)     _CLA1_INT8_ISR
003f4628    fd18 (003f4600)     _XINT3_ISR
003f463e    fd18 (003f4600)     _LVF_ISR

003f4654    fd19 (003f4640)     _LUF_ISR
003f466a    fd19 (003f4640)     _PIE_RESERVED
003f466f    fd19 (003f4640)     _INT_NOTUSED_ISR
003f4674    fd19 (003f4640)     _rsvd_ISR
003f4679    fd19 (003f4640)     _main

003f46a4    fd1a (003f4680)     _Example_CsmUnlock

003f46f3    fd1b (003f46c0)     FS$$MPY

003f474d    fd1d (003f4740)     _SetPLL
003f4777    fd1d (003f4740)     _InitECanGpio

003f478d    fd1e (003f4780)     _InitPeripherals
003f47a1    fd1e (003f4780)     _c_int00

003f47f5    fd1f (003f47c0)     _copy_in

003f4819    fd20 (003f4800)     I$$DIV
003f482a    fd20 (003f4800)     I$$MOD
003f483b    fd20 (003f4800)     FS$$TOUL

003f485c    fd21 (003f4840)     _memcpy
003f4879    fd21 (003f4840)     __args_main

003f4894    fd22 (003f4880)     _exit
003f48ab    fd22 (003f4880)     C$$EXIT
003f48ab    fd22 (003f4880)     _abort
003f48ad    fd22 (003f4880)     _prolog_c28x_1
003f48b1    fd22 (003f4880)     _prolog_c28x_2
003f48b9    fd22 (003f4880)     _prolog_c28x_3

003f48c6    fd23 (003f48c0)     _MemCopy
003f48d9    fd23 (003f48c0)     __nop
003f48da    fd23 (003f48c0)     __register_lock
003f48e2    fd23 (003f48c0)     __register_unlock
003f48ea    fd23 (003f48c0)     _epilog_c28x_1
003f48ee    fd23 (003f48c0)     _epilog_c28x_2
003f48f6    fd23 (003f48c0)     U$$DIV
003f48fb    fd23 (003f48c0)     U$$MOD

003f4901    fd24 (003f4900)     _PRG_key0
003f4902    fd24 (003f4900)     _PRG_key1
003f4903    fd24 (003f4900)     _PRG_key2
003f4904    fd24 (003f4900)     _PRG_key3
003f4905    fd24 (003f4900)     _PRG_key4
003f4906    fd24 (003f4900)     _PRG_key5
003f4907    fd24 (003f4900)     _PRG_key6
003f4908    fd24 (003f4900)     _PRG_key7
003f4911    fd24 (003f4900)     _DSP28x_DisableInt
003f4915    fd24 (003f4900)     _DSP28x_RestoreInt
003f4918    fd24 (003f4900)     _IntDefaultHandler
003f491d    fd24 (003f4900)     _SetDBGIER
003f4920    fd24 (003f4900)     __system_pre_init
003f4922    fd24 (003f4900)     __system_post_cinit

003f7ff8    fdff (003f7fc0)     _CsmPwl


GLOBAL SYMBOLS: SORTED ALPHABETICALLY BY Name 

page  address   name                     
----  -------   ----                     
0     003f4000  .text                    
0     003f48ab  C$$EXIT                  
0     003f46f3  FS$$MPY                  
0     003f483b  FS$$TOUL                 
0     003f4819  I$$DIV                   
0     003f482a  I$$MOD                   
0     003f48f6  U$$DIV                   
0     003f48fb  U$$MOD                   
0     003f407a  _ADCINT1_ISR             
0     003f4090  _ADCINT2_ISR             
0     003f4504  _ADCINT3_ISR             
0     003f4518  _ADCINT4_ISR             
0     003f452c  _ADCINT5_ISR             
0     003f4540  _ADCINT6_ISR             
0     003f4556  _ADCINT7_ISR             
0     003f456c  _ADCINT8_ISR             
0     003f40ce  _ADCINT9_ISR             
1     00007100  _AdcRegs                 
1     00000b00  _AdcResult               
1     00008800  _Buffer                  
0     003f4582  _CLA1_INT1_ISR           
0     003f4596  _CLA1_INT2_ISR           
0     003f45aa  _CLA1_INT3_ISR           
0     003f45be  _CLA1_INT4_ISR           
0     003f45d2  _CLA1_INT5_ISR           
0     003f45e6  _CLA1_INT6_ISR           
0     003f45fc  _CLA1_INT7_ISR           
0     003f4612  _CLA1_INT8_ISR           
1     00001400  _Cla1Regs                
1     00006400  _Comp1Regs               
1     00006420  _Comp2Regs               
1     00006440  _Comp3Regs               
1     00008920  _CpuTimer0               
1     00000c00  _CpuTimer0Regs           
1     00008928  _CpuTimer1               
1     00000c08  _CpuTimer1Regs           
1     00008930  _CpuTimer2               
1     00000c10  _CpuTimer2Regs           
1     003f7ff8  _CsmPwl                  
1     00000ae0  _CsmRegs                 
0     003f4010  _DATALOG_ISR             
0     003f43d0  _DINTCH1_ISR             
0     003f43e6  _DINTCH2_ISR             
0     003f43fc  _DINTCH3_ISR             
0     003f4412  _DINTCH4_ISR             
0     003f4428  _DINTCH5_ISR             
0     003f443e  _DINTCH6_ISR             
0     003f4911  _DSP28x_DisableInt       
0     003f4915  _DSP28x_RestoreInt       
0     00008173  _DSP28x_usDelay          
1     00000880  _DevEmuRegs              
1     00001000  _DmaRegs                 
0     003f44d8  _ECAN0INTA_ISR           
0     003f44ee  _ECAN1INTA_ISR           
0     003f4270  _ECAP1_INT_ISR           
0     003f4286  _ECAP2_INT_ISR           
0     003f429c  _ECAP3_INT_ISR           
1     00006040  _ECanaLAMRegs            
1     000060c0  _ECanaMOTORegs           
1     00006080  _ECanaMOTSRegs           
1     00006100  _ECanaMboxes             
1     00006000  _ECanaRegs               
1     00006a00  _ECap1Regs               
1     00006a20  _ECap2Regs               
1     00006a40  _ECap3Regs               
0     003f4020  _EMUINT_ISR              
0     003f41c0  _EPWM1_INT_ISR           
0     003f4110  _EPWM1_TZINT_ISR         
0     003f41d6  _EPWM2_INT_ISR           
0     003f4126  _EPWM2_TZINT_ISR         
0     003f41ec  _EPWM3_INT_ISR           
0     003f413c  _EPWM3_TZINT_ISR         
0     003f4202  _EPWM4_INT_ISR           
0     003f4152  _EPWM4_TZINT_ISR         
0     003f4218  _EPWM5_INT_ISR           
0     003f4168  _EPWM5_TZINT_ISR         
0     003f422e  _EPWM6_INT_ISR           
0     003f417e  _EPWM6_TZINT_ISR         
0     003f4244  _EPWM7_INT_ISR           
0     003f4194  _EPWM7_TZINT_ISR         
0     003f425a  _EPWM8_INT_ISR           
0     003f41aa  _EPWM8_TZINT_ISR         
1     00006800  _EPwm1Regs               
1     00006840  _EPwm2Regs               
1     00006880  _EPwm3Regs               
1     000068c0  _EPwm4Regs               
1     00006900  _EPwm5Regs               
1     00006940  _EPwm6Regs               
1     00006980  _EPwm7Regs               
1     000069c0  _EPwm8Regs               
0     003f42de  _EQEP1_INT_ISR           
0     003f42f4  _EQEP2_INT_ISR           
1     00006b00  _EQep1Regs               
1     00006b40  _EQep2Regs               
1     00000d01  _EmuBMode                
1     00000d00  _EmuKey                  
0     00008000  _Example_CallFlashAPI    
0     003f46a4  _Example_CsmUnlock       
0     00008167  _Example_Done            
0     00008160  _Example_Error           
abs   003ffef3  _Flash2806x_APIVersionHex
abs   003ffebd  _Flash2806x_Erase        
abs   003ffebb  _Flash2806x_Program      
abs   003ffedf  _Flash2806x_Verify       
1     00000a80  _FlashRegs               
1     0000893a  _FlashStatus             
1     00000d04  _Flash_CPUScaleFactor    
1     00000d02  _Flash_CallbackPtr       
1     00006f80  _GpioCtrlRegs            
1     00006fc0  _GpioDataRegs            
1     00006fe0  _GpioIntRegs             
0     003f42b2  _HRCAP1_INT_ISR          
0     003f42c8  _HRCAP2_INT_ISR          
0     003f430a  _HRCAP3_INT_ISR          
0     003f4320  _HRCAP4_INT_ISR          
1     00006ac0  _HRCap1Regs              
1     00006ae0  _HRCap2Regs              
1     00006c80  _HRCap3Regs              
1     00006ca0  _HRCap4Regs              
0     003f4454  _I2CINT1A_ISR            
0     003f446a  _I2CINT2A_ISR            
1     00007900  _I2caRegs                
0     003f402c  _ILLEGAL_ISR             
0     003f4000  _INT13_ISR               
0     003f4008  _INT14_ISR               
0     003f466f  _INT_NOTUSED_ISR         
0     003f4777  _InitECanGpio            
0     003f478d  _InitPeripherals         
0     003f4918  _IntDefaultHandler       
0     003f4654  _LUF_ISR                 
0     003f463e  _LVF_ISR                 
0     003f43a4  _MRINTA_ISR              
0     003f43ba  _MXINTA_ISR              
1     00005000  _McbspaRegs              
0     003f48c6  _MemCopy                 
1     00008938  _MyCallbackCounter       
0     0000816b  _MyCallbackFunction      
0     003f4026  _NMI_ISR                 
1     00007060  _NmiIntruptRegs          
0     003f466a  _PIE_RESERVED            
0     003f4901  _PRG_key0                
0     003f4902  _PRG_key1                
0     003f4903  _PRG_key2                
0     003f4904  _PRG_key3                
0     003f4905  _PRG_key4                
0     003f4906  _PRG_key5                
0     003f4907  _PRG_key6                
0     003f4908  _PRG_key7                
1     003d7e80  _PartIdRegs              
1     00000ce0  _PieCtrlRegs             
1     00000d00  _PieVectTable            
0     003f4018  _RTOSINT_ISR             
0     003f4a9a  _RamfuncsLoadEnd         
0     003f4923  _RamfuncsLoadStart       
0     00008000  _RamfuncsRunStart        
0     003f4480  _SCIRXINTA_ISR           
0     003f44ac  _SCIRXINTB_ISR           
0     003f4496  _SCITXINTA_ISR           
0     003f44c2  _SCITXINTB_ISR           
0     003f434c  _SPIRXINTA_ISR           
0     003f4378  _SPIRXINTB_ISR           
0     003f4362  _SPITXINTA_ISR           
0     003f438e  _SPITXINTB_ISR           
1     00007050  _SciaRegs                
1     00007750  _ScibRegs                
1     00008900  _Sector                  
0     003f491d  _SetDBGIER               
0     003f474d  _SetPLL                  
1     00007040  _SpiaRegs                
1     00007740  _SpibRegs                
1     00007010  _SysCtrlRegs             
1     00000985  _SysPwrCtrlRegs          
0     003f40e4  _TINT0_ISR               
0     003f4336  _USB0_INT_ISR            
0     003f4068  _USER10_ISR              
0     003f406e  _USER11_ISR              
0     003f4074  _USER12_ISR              
0     003f4032  _USER1_ISR               
0     003f4038  _USER2_ISR               
0     003f403e  _USER3_ISR               
0     003f4044  _USER4_ISR               
0     003f404a  _USER5_ISR               
0     003f4050  _USER6_ISR               
0     003f4056  _USER7_ISR               
0     003f405c  _USER8_ISR               
0     003f4062  _USER9_ISR               
1     00004000  _Usb0Regs                
0     003f40fa  _WAKEINT_ISR             
0     003f40a6  _XINT1_ISR               
0     003f40ba  _XINT2_ISR               
0     003f4628  _XINT3_ISR               
1     00007070  _XIntruptRegs            
1     00000250  __STACK_END              
abs   00000200  __STACK_SIZE             
abs   00000001  __TI_args_main           
abs   ffffffff  ___TI_pprof_out_hndl     
abs   ffffffff  ___TI_prof_data_size     
abs   ffffffff  ___TI_prof_data_start    
abs   ffffffff  ___binit__               
abs   ffffffff  ___c_args__              
0     003f4a9a  ___cinit__               
0     003f4923  ___etext__               
abs   ffffffff  ___pinit__               
0     003f4000  ___text__                
0     003f4879  __args_main              
1     00008944  __cleanup_ptr            
1     00008946  __dtors_ptr              
1     00008940  __lock                   
0     003f48d9  __nop                    
0     003f48da  __register_lock          
0     003f48e2  __register_unlock        
1     00000050  __stack                  
0     003f4922  __system_post_cinit      
0     003f4920  __system_pre_init        
1     00008942  __unlock                 
0     003f48ab  _abort                   
0     003f47a1  _c_int00                 
0     003f47f5  _copy_in                 
0     003f48ea  _epilog_c28x_1           
0     003f48ee  _epilog_c28x_2           
0     003f4894  _exit                    
0     003f4679  _main                    
0     003f485c  _memcpy                  
0     003f48ad  _prolog_c28x_1           
0     003f48b1  _prolog_c28x_2           
0     003f48b9  _prolog_c28x_3           
0     003f4674  _rsvd_ISR                
abs   ffffffff  binit                    
0     003f4a9a  cinit                    
0     003f7ff6  code_start               
0     003f4923  etext                    
abs   ffffffff  pinit                    


GLOBAL SYMBOLS: SORTED BY Symbol Address 

page  address   name                     
----  -------   ----                     
0     00008000  _Example_CallFlashAPI    
0     00008000  _RamfuncsRunStart        
0     00008160  _Example_Error           
0     00008167  _Example_Done            
0     0000816b  _MyCallbackFunction      
0     00008173  _DSP28x_usDelay          
0     003f4000  .text                    
0     003f4000  _INT13_ISR               
0     003f4000  ___text__                
0     003f4008  _INT14_ISR               
0     003f4010  _DATALOG_ISR             
0     003f4018  _RTOSINT_ISR             
0     003f4020  _EMUINT_ISR              
0     003f4026  _NMI_ISR                 
0     003f402c  _ILLEGAL_ISR             
0     003f4032  _USER1_ISR               
0     003f4038  _USER2_ISR               
0     003f403e  _USER3_ISR               
0     003f4044  _USER4_ISR               
0     003f404a  _USER5_ISR               
0     003f4050  _USER6_ISR               
0     003f4056  _USER7_ISR               
0     003f405c  _USER8_ISR               
0     003f4062  _USER9_ISR               
0     003f4068  _USER10_ISR              
0     003f406e  _USER11_ISR              
0     003f4074  _USER12_ISR              
0     003f407a  _ADCINT1_ISR             
0     003f4090  _ADCINT2_ISR             
0     003f40a6  _XINT1_ISR               
0     003f40ba  _XINT2_ISR               
0     003f40ce  _ADCINT9_ISR             
0     003f40e4  _TINT0_ISR               
0     003f40fa  _WAKEINT_ISR             
0     003f4110  _EPWM1_TZINT_ISR         
0     003f4126  _EPWM2_TZINT_ISR         
0     003f413c  _EPWM3_TZINT_ISR         
0     003f4152  _EPWM4_TZINT_ISR         
0     003f4168  _EPWM5_TZINT_ISR         
0     003f417e  _EPWM6_TZINT_ISR         
0     003f4194  _EPWM7_TZINT_ISR         
0     003f41aa  _EPWM8_TZINT_ISR         
0     003f41c0  _EPWM1_INT_ISR           
0     003f41d6  _EPWM2_INT_ISR           
0     003f41ec  _EPWM3_INT_ISR           
0     003f4202  _EPWM4_INT_ISR           
0     003f4218  _EPWM5_INT_ISR           
0     003f422e  _EPWM6_INT_ISR           
0     003f4244  _EPWM7_INT_ISR           
0     003f425a  _EPWM8_INT_ISR           
0     003f4270  _ECAP1_INT_ISR           
0     003f4286  _ECAP2_INT_ISR           
0     003f429c  _ECAP3_INT_ISR           
0     003f42b2  _HRCAP1_INT_ISR          
0     003f42c8  _HRCAP2_INT_ISR          
0     003f42de  _EQEP1_INT_ISR           
0     003f42f4  _EQEP2_INT_ISR           
0     003f430a  _HRCAP3_INT_ISR          
0     003f4320  _HRCAP4_INT_ISR          
0     003f4336  _USB0_INT_ISR            
0     003f434c  _SPIRXINTA_ISR           
0     003f4362  _SPITXINTA_ISR           
0     003f4378  _SPIRXINTB_ISR           
0     003f438e  _SPITXINTB_ISR           
0     003f43a4  _MRINTA_ISR              
0     003f43ba  _MXINTA_ISR              
0     003f43d0  _DINTCH1_ISR             
0     003f43e6  _DINTCH2_ISR             
0     003f43fc  _DINTCH3_ISR             
0     003f4412  _DINTCH4_ISR             
0     003f4428  _DINTCH5_ISR             
0     003f443e  _DINTCH6_ISR             
0     003f4454  _I2CINT1A_ISR            
0     003f446a  _I2CINT2A_ISR            
0     003f4480  _SCIRXINTA_ISR           
0     003f4496  _SCITXINTA_ISR           
0     003f44ac  _SCIRXINTB_ISR           
0     003f44c2  _SCITXINTB_ISR           
0     003f44d8  _ECAN0INTA_ISR           
0     003f44ee  _ECAN1INTA_ISR           
0     003f4504  _ADCINT3_ISR             
0     003f4518  _ADCINT4_ISR             
0     003f452c  _ADCINT5_ISR             
0     003f4540  _ADCINT6_ISR             
0     003f4556  _ADCINT7_ISR             
0     003f456c  _ADCINT8_ISR             
0     003f4582  _CLA1_INT1_ISR           
0     003f4596  _CLA1_INT2_ISR           
0     003f45aa  _CLA1_INT3_ISR           
0     003f45be  _CLA1_INT4_ISR           
0     003f45d2  _CLA1_INT5_ISR           
0     003f45e6  _CLA1_INT6_ISR           
0     003f45fc  _CLA1_INT7_ISR           
0     003f4612  _CLA1_INT8_ISR           
0     003f4628  _XINT3_ISR               
0     003f463e  _LVF_ISR                 
0     003f4654  _LUF_ISR                 
0     003f466a  _PIE_RESERVED            
0     003f466f  _INT_NOTUSED_ISR         
0     003f4674  _rsvd_ISR                
0     003f4679  _main                    
0     003f46a4  _Example_CsmUnlock       
0     003f46f3  FS$$MPY                  
0     003f474d  _SetPLL                  
0     003f4777  _InitECanGpio            
0     003f478d  _InitPeripherals         
0     003f47a1  _c_int00                 
0     003f47f5  _copy_in                 
0     003f4819  I$$DIV                   
0     003f482a  I$$MOD                   
0     003f483b  FS$$TOUL                 
0     003f485c  _memcpy                  
0     003f4879  __args_main              
0     003f4894  _exit                    
0     003f48ab  C$$EXIT                  
0     003f48ab  _abort                   
0     003f48ad  _prolog_c28x_1           
0     003f48b1  _prolog_c28x_2           
0     003f48b9  _prolog_c28x_3           
0     003f48c6  _MemCopy                 
0     003f48d9  __nop                    
0     003f48da  __register_lock          
0     003f48e2  __register_unlock        
0     003f48ea  _epilog_c28x_1           
0     003f48ee  _epilog_c28x_2           
0     003f48f6  U$$DIV                   
0     003f48fb  U$$MOD                   
0     003f4901  _PRG_key0                
0     003f4902  _PRG_key1                
0     003f4903  _PRG_key2                
0     003f4904  _PRG_key3                
0     003f4905  _PRG_key4                
0     003f4906  _PRG_key5                
0     003f4907  _PRG_key6                
0     003f4908  _PRG_key7                
0     003f4911  _DSP28x_DisableInt       
0     003f4915  _DSP28x_RestoreInt       
0     003f4918  _IntDefaultHandler       
0     003f491d  _SetDBGIER               
0     003f4920  __system_pre_init        
0     003f4922  __system_post_cinit      
0     003f4923  _RamfuncsLoadStart       
0     003f4923  ___etext__               
0     003f4923  etext                    
0     003f4a9a  _RamfuncsLoadEnd         
0     003f4a9a  ___cinit__               
0     003f4a9a  cinit                    
0     003f7ff6  code_start               
1     00000050  __stack                  
1     00000250  __STACK_END              
1     00000880  _DevEmuRegs              
1     00000985  _SysPwrCtrlRegs          
1     00000a80  _FlashRegs               
1     00000ae0  _CsmRegs                 
1     00000b00  _AdcResult               
1     00000c00  _CpuTimer0Regs           
1     00000c08  _CpuTimer1Regs           
1     00000c10  _CpuTimer2Regs           
1     00000ce0  _PieCtrlRegs             
1     00000d00  _EmuKey                  
1     00000d00  _PieVectTable            
1     00000d01  _EmuBMode                
1     00000d02  _Flash_CallbackPtr       
1     00000d04  _Flash_CPUScaleFactor    
1     00001000  _DmaRegs                 
1     00001400  _Cla1Regs                
1     00004000  _Usb0Regs                
1     00005000  _McbspaRegs              
1     00006000  _ECanaRegs               
1     00006040  _ECanaLAMRegs            
1     00006080  _ECanaMOTSRegs           
1     000060c0  _ECanaMOTORegs           
1     00006100  _ECanaMboxes             
1     00006400  _Comp1Regs               
1     00006420  _Comp2Regs               
1     00006440  _Comp3Regs               
1     00006800  _EPwm1Regs               
1     00006840  _EPwm2Regs               
1     00006880  _EPwm3Regs               
1     000068c0  _EPwm4Regs               
1     00006900  _EPwm5Regs               
1     00006940  _EPwm6Regs               
1     00006980  _EPwm7Regs               
1     000069c0  _EPwm8Regs               
1     00006a00  _ECap1Regs               
1     00006a20  _ECap2Regs               
1     00006a40  _ECap3Regs               
1     00006ac0  _HRCap1Regs              
1     00006ae0  _HRCap2Regs              
1     00006b00  _EQep1Regs               
1     00006b40  _EQep2Regs               
1     00006c80  _HRCap3Regs              
1     00006ca0  _HRCap4Regs              
1     00006f80  _GpioCtrlRegs            
1     00006fc0  _GpioDataRegs            
1     00006fe0  _GpioIntRegs             
1     00007010  _SysCtrlRegs             
1     00007040  _SpiaRegs                
1     00007050  _SciaRegs                
1     00007060  _NmiIntruptRegs          
1     00007070  _XIntruptRegs            
1     00007100  _AdcRegs                 
1     00007740  _SpibRegs                
1     00007750  _ScibRegs                
1     00007900  _I2caRegs                
1     00008800  _Buffer                  
1     00008900  _Sector                  
1     00008920  _CpuTimer0               
1     00008928  _CpuTimer1               
1     00008930  _CpuTimer2               
1     00008938  _MyCallbackCounter       
1     0000893a  _FlashStatus             
1     00008940  __lock                   
1     00008942  __unlock                 
1     00008944  __cleanup_ptr            
1     00008946  __dtors_ptr              
1     003d7e80  _PartIdRegs              
1     003f7ff8  _CsmPwl                  
abs   00000001  __TI_args_main           
abs   00000200  __STACK_SIZE             
abs   003ffebb  _Flash2806x_Program      
abs   003ffebd  _Flash2806x_Erase        
abs   003ffedf  _Flash2806x_Verify       
abs   003ffef3  _Flash2806x_APIVersionHex
abs   ffffffff  ___TI_pprof_out_hndl     
abs   ffffffff  ___TI_prof_data_size     
abs   ffffffff  ___TI_prof_data_start    
abs   ffffffff  ___binit__               
abs   ffffffff  ___c_args__              
abs   ffffffff  ___pinit__               
abs   ffffffff  binit                    
abs   ffffffff  pinit                    

[232 symbols]
